Archive member included because of file (symbol)

c:/program files (x86)/atmel/avr studio 5.0/avr toolchain/bin/../lib/gcc/avr/4.5.1/avr5\libgcc.a(_mulsi3.o)
                              main.o (__mulsi3)
c:/program files (x86)/atmel/avr studio 5.0/avr toolchain/bin/../lib/gcc/avr/4.5.1/avr5\libgcc.a(_udivmodqi4.o)
                              DS1307.o (__udivmodqi4)
c:/program files (x86)/atmel/avr studio 5.0/avr toolchain/bin/../lib/gcc/avr/4.5.1/avr5\libgcc.a(_divmodsi4.o)
                              main.o (__divmodsi4)
c:/program files (x86)/atmel/avr studio 5.0/avr toolchain/bin/../lib/gcc/avr/4.5.1/avr5\libgcc.a(_exit.o)
                              c:/program files (x86)/atmel/avr studio 5.0/avr toolchain/bin/../lib/gcc/avr/4.5.1/../../../../avr/lib/avr5/crtm644p.o (exit)
c:/program files (x86)/atmel/avr studio 5.0/avr toolchain/bin/../lib/gcc/avr/4.5.1/avr5\libgcc.a(_copy_data.o)
                              i2clcd.o (__do_copy_data)
c:/program files (x86)/atmel/avr studio 5.0/avr toolchain/bin/../lib/gcc/avr/4.5.1/avr5\libgcc.a(_clear_bss.o)
                              i2clcd.o (__do_clear_bss)
c:/program files (x86)/atmel/avr studio 5.0/avr toolchain/bin/../lib/gcc/avr/4.5.1/avr5\libgcc.a(_udivmodsi4.o)
                              c:/program files (x86)/atmel/avr studio 5.0/avr toolchain/bin/../lib/gcc/avr/4.5.1/avr5\libgcc.a(_divmodsi4.o) (__udivmodsi4)
c:/program files (x86)/atmel/avr studio 5.0/avr toolchain/bin/../lib/gcc/avr/4.5.1/../../../../avr/lib/avr5\libc.a(strcpy_P.o)
                              i2clcd.o (strcpy_P)
c:/program files (x86)/atmel/avr studio 5.0/avr toolchain/bin/../lib/gcc/avr/4.5.1/../../../../avr/lib/avr5\libc.a(sprintf.o)
                              main.o (sprintf)
c:/program files (x86)/atmel/avr studio 5.0/avr toolchain/bin/../lib/gcc/avr/4.5.1/../../../../avr/lib/avr5\libc.a(vfprintf_std.o)
                              c:/program files (x86)/atmel/avr studio 5.0/avr toolchain/bin/../lib/gcc/avr/4.5.1/../../../../avr/lib/avr5\libc.a(sprintf.o) (vfprintf)
c:/program files (x86)/atmel/avr studio 5.0/avr toolchain/bin/../lib/gcc/avr/4.5.1/../../../../avr/lib/avr5\libc.a(eerd_block_atmega644p.o)
                              main.o (__eerd_block_m644p)
c:/program files (x86)/atmel/avr studio 5.0/avr toolchain/bin/../lib/gcc/avr/4.5.1/../../../../avr/lib/avr5\libc.a(eerd_byte_atmega644p.o)
                              main.o (__eerd_byte_m644p)
c:/program files (x86)/atmel/avr studio 5.0/avr toolchain/bin/../lib/gcc/avr/4.5.1/../../../../avr/lib/avr5\libc.a(eewr_block_atmega644p.o)
                              main.o (__eewr_block_m644p)
c:/program files (x86)/atmel/avr studio 5.0/avr toolchain/bin/../lib/gcc/avr/4.5.1/../../../../avr/lib/avr5\libc.a(eewr_byte_atmega644p.o)
                              main.o (__eewr_byte_m644p)
c:/program files (x86)/atmel/avr studio 5.0/avr toolchain/bin/../lib/gcc/avr/4.5.1/../../../../avr/lib/avr5\libc.a(strnlen_P.o)
                              c:/program files (x86)/atmel/avr studio 5.0/avr toolchain/bin/../lib/gcc/avr/4.5.1/../../../../avr/lib/avr5\libc.a(vfprintf_std.o) (strnlen_P)
c:/program files (x86)/atmel/avr studio 5.0/avr toolchain/bin/../lib/gcc/avr/4.5.1/../../../../avr/lib/avr5\libc.a(strnlen.o)
                              c:/program files (x86)/atmel/avr studio 5.0/avr toolchain/bin/../lib/gcc/avr/4.5.1/../../../../avr/lib/avr5\libc.a(vfprintf_std.o) (strnlen)
c:/program files (x86)/atmel/avr studio 5.0/avr toolchain/bin/../lib/gcc/avr/4.5.1/../../../../avr/lib/avr5\libc.a(fputc.o)
                              c:/program files (x86)/atmel/avr studio 5.0/avr toolchain/bin/../lib/gcc/avr/4.5.1/../../../../avr/lib/avr5\libc.a(vfprintf_std.o) (fputc)
c:/program files (x86)/atmel/avr studio 5.0/avr toolchain/bin/../lib/gcc/avr/4.5.1/../../../../avr/lib/avr5\libc.a(ultoa_invert.o)
                              c:/program files (x86)/atmel/avr studio 5.0/avr toolchain/bin/../lib/gcc/avr/4.5.1/../../../../avr/lib/avr5\libc.a(vfprintf_std.o) (__ultoa_invert)
c:/program files (x86)/atmel/avr studio 5.0/avr toolchain/bin/../lib/gcc/avr/4.5.1/avr5\libgcc.a(_prologue.o)
                              c:/program files (x86)/atmel/avr studio 5.0/avr toolchain/bin/../lib/gcc/avr/4.5.1/../../../../avr/lib/avr5\libc.a(sprintf.o) (__prologue_saves__)
c:/program files (x86)/atmel/avr studio 5.0/avr toolchain/bin/../lib/gcc/avr/4.5.1/avr5\libgcc.a(_epilogue.o)
                              c:/program files (x86)/atmel/avr studio 5.0/avr toolchain/bin/../lib/gcc/avr/4.5.1/../../../../avr/lib/avr5\libc.a(sprintf.o) (__epilogue_restores__)

Allocating common symbols
Common symbol       size              file

tmp                 0x2               main.o
alarm_zustand       0x1               main.o
luefter             0x6               main.o
anzeigetext         0x28              main.o
set_zeit            0x7               main.o
temperatur_offset   0x1               main.o
heizer              0x6               main.o
zeit                0x7               main.o
alarm               0x6               main.o
extremwerte         0x6               main.o
anzeigetext1        0x14              main.o
temperatur          0x2               main.o
lampe_off           0x7               main.o
buffer              0xc               main.o
key_rpt             0x1               main.o
lampe_on            0x7               main.o
error_flag          0x1               main.o
messflag1           0x1               main.o
anzeigetext2        0x14              main.o
ml_on               0x7               main.o
ml_off              0x7               main.o
key_press           0x1               main.o
messflag2           0x1               main.o
key_state           0x1               main.o
schalte_ausgang     0x1               main.o

Memory Configuration

Name             Origin             Length             Attributes
text             0x00000000         0x00020000         xr
data             0x00800060         0x0000ffa0         rw !x
eeprom           0x00810000         0x00010000         rw !x
fuse             0x00820000         0x00000400         rw !x
lock             0x00830000         0x00000400         rw !x
signature        0x00840000         0x00000400         rw !x
*default*        0x00000000         0xffffffff

Linker script and memory map

Address of section .data set to 0x800100
LOAD c:/program files (x86)/atmel/avr studio 5.0/avr toolchain/bin/../lib/gcc/avr/4.5.1/../../../../avr/lib/avr5/crtm644p.o
LOAD DS1307.o
LOAD i2clcd.o
LOAD i2cmaster.o
LOAD LM67.o
LOAD main.o
LOAD taster.o
LOAD uart.o
LOAD c:/program files (x86)/atmel/avr studio 5.0/avr toolchain/bin/../lib/gcc/avr/4.5.1/avr5\libgcc.a
LOAD c:/program files (x86)/atmel/avr studio 5.0/avr toolchain/bin/../lib/gcc/avr/4.5.1/../../../../avr/lib/avr5\libc.a
LOAD c:/program files (x86)/atmel/avr studio 5.0/avr toolchain/bin/../lib/gcc/avr/4.5.1/avr5\libgcc.a

.hash
 *(.hash)

.dynsym
 *(.dynsym)

.dynstr
 *(.dynstr)

.gnu.version
 *(.gnu.version)

.gnu.version_d
 *(.gnu.version_d)

.gnu.version_r
 *(.gnu.version_r)

.rel.init
 *(.rel.init)

.rela.init
 *(.rela.init)

.rel.text
 *(.rel.text)
 *(.rel.text.*)
 *(.rel.gnu.linkonce.t*)

.rela.text
 *(.rela.text)
 *(.rela.text.*)
 *(.rela.gnu.linkonce.t*)

.rel.fini
 *(.rel.fini)

.rela.fini
 *(.rela.fini)

.rel.rodata
 *(.rel.rodata)
 *(.rel.rodata.*)
 *(.rel.gnu.linkonce.r*)

.rela.rodata
 *(.rela.rodata)
 *(.rela.rodata.*)
 *(.rela.gnu.linkonce.r*)

.rel.data
 *(.rel.data)
 *(.rel.data.*)
 *(.rel.gnu.linkonce.d*)

.rela.data
 *(.rela.data)
 *(.rela.data.*)
 *(.rela.gnu.linkonce.d*)

.rel.ctors
 *(.rel.ctors)

.rela.ctors
 *(.rela.ctors)

.rel.dtors
 *(.rel.dtors)

.rela.dtors
 *(.rela.dtors)

.rel.got
 *(.rel.got)

.rela.got
 *(.rela.got)

.rel.bss
 *(.rel.bss)

.rela.bss
 *(.rela.bss)

.rel.plt
 *(.rel.plt)

.rela.plt
 *(.rela.plt)

.text           0x00000000     0x2846
 *(.vectors)
 .vectors       0x00000000       0x7c c:/program files (x86)/atmel/avr studio 5.0/avr toolchain/bin/../lib/gcc/avr/4.5.1/../../../../avr/lib/avr5/crtm644p.o
                0x00000000                __vector_default
                0x00000000                __vectors
 *(.vectors)
 *(.progmem.gcc*)
 *(.progmem*)
 .progmem.data  0x0000007c      0x1db main.o
                0x0000007c                wochentagname
                0x00000097                Func_1_str
                0x0000009e                Func_2_str
                0x000000a5                Func_3_str
                0x000000ac                MainFunctionNames
                0x000000b2                MainFunctionPtrs
                0x000000b8                Message1
                0x000000cb                Message2
                0x000000de                Message3
                0x000000ef                AboutText
                0x00000258                . = ALIGN (0x2)
 *fill*         0x00000257        0x1 00
                0x00000258                __trampolines_start = .
 *(.trampolines)
 .trampolines   0x00000258        0x0 linker stubs
 *(.trampolines*)
                0x00000258                __trampolines_end = .
 *(.jumptables)
 *(.jumptables*)
 *(.lowtext)
 *(.lowtext*)
                0x00000258                __ctors_start = .
 *(.ctors)
                0x00000258                __ctors_end = .
                0x00000258                __dtors_start = .
 *(.dtors)
                0x00000258                __dtors_end = .
 SORT(*)(.ctors)
 SORT(*)(.dtors)
 *(.init0)
 .init0         0x00000258        0x0 c:/program files (x86)/atmel/avr studio 5.0/avr toolchain/bin/../lib/gcc/avr/4.5.1/../../../../avr/lib/avr5/crtm644p.o
                0x00000258                __init
 *(.init0)
 *(.init1)
 *(.init1)
 *(.init2)
 .init2         0x00000258        0xc c:/program files (x86)/atmel/avr studio 5.0/avr toolchain/bin/../lib/gcc/avr/4.5.1/../../../../avr/lib/avr5/crtm644p.o
 *(.init2)
 *(.init3)
 *(.init3)
 *(.init4)
 .init4         0x00000264       0x16 c:/program files (x86)/atmel/avr studio 5.0/avr toolchain/bin/../lib/gcc/avr/4.5.1/avr5\libgcc.a(_copy_data.o)
                0x00000264                __do_copy_data
 .init4         0x0000027a       0x10 c:/program files (x86)/atmel/avr studio 5.0/avr toolchain/bin/../lib/gcc/avr/4.5.1/avr5\libgcc.a(_clear_bss.o)
                0x0000027a                __do_clear_bss
 *(.init4)
 *(.init5)
 *(.init5)
 *(.init6)
 *(.init6)
 *(.init7)
 *(.init7)
 *(.init8)
 *(.init8)
 *(.init9)
 .init9         0x0000028a        0x8 c:/program files (x86)/atmel/avr studio 5.0/avr toolchain/bin/../lib/gcc/avr/4.5.1/../../../../avr/lib/avr5/crtm644p.o
 *(.init9)
 *(.text)
 .text          0x00000292        0x4 c:/program files (x86)/atmel/avr studio 5.0/avr toolchain/bin/../lib/gcc/avr/4.5.1/../../../../avr/lib/avr5/crtm644p.o
                0x00000292                __vector_22
                0x00000292                __vector_1
                0x00000292                __vector_24
                0x00000292                __vector_12
                0x00000292                __bad_interrupt
                0x00000292                __vector_6
                0x00000292                __vector_3
                0x00000292                __vector_23
                0x00000292                __vector_30
                0x00000292                __vector_25
                0x00000292                __vector_11
                0x00000292                __vector_13
                0x00000292                __vector_17
                0x00000292                __vector_19
                0x00000292                __vector_7
                0x00000292                __vector_27
                0x00000292                __vector_5
                0x00000292                __vector_4
                0x00000292                __vector_9
                0x00000292                __vector_2
                0x00000292                __vector_15
                0x00000292                __vector_8
                0x00000292                __vector_26
                0x00000292                __vector_14
                0x00000292                __vector_10
                0x00000292                __vector_16
 .text          0x00000296      0x258 DS1307.o
                0x00000296                error_func
                0x00000298                ds_1307_init
                0x000002d6                get_ds1307_zeit_datum
                0x000003ca                set_ds1307_zeit
                0x00000426                set_ds1307_datum
                0x00000488                gettwi
 .text          0x000004ee      0x394 i2clcd.o
                0x000004ee                lcd_write_i2c
                0x0000051c                lcd_write
                0x00000538                lcd_putchar
                0x00000554                lcd_print
                0x0000057a                lcd_printmenue
                0x000005a4                lcd_gotolr
                0x000005f2                lcd_printlr
                0x00000612                lcd_putcharlr
                0x0000063c                lcd_printlrc
                0x0000068c                lcd_printlc
                0x000006d4                lcd_read_i2c
                0x000006f8                lcd_read
                0x0000071a                lcd_getbyte
                0x0000073a                lcd_getlr
                0x00000794                lcd_nextline
                0x000007c4                lcd_busy
                0x000007d2                lcd_wait_us
                0x000007ec                lcd_wait_ms
                0x00000808                lcd_command
                0x00000828                lcd_init
                0x00000878                lcd_backlight
 .text          0x00000882      0x104 i2cmaster.o
                0x00000882                i2c_init
                0x0000088e                i2c_start
                0x000008d8                i2c_start_wait
                0x00000926                i2c_rep_start
                0x0000092c                i2c_stop
                0x0000093c                i2c_write
                0x0000095e                i2c_readAck
                0x00000972                i2c_readNak
 .text          0x00000986       0x62 LM67.o
                0x00000986                get_lm76_temperatur
 .text          0x000009e8     0x1334 main.o
                0x000009e8                MAIN_TopMenu
                0x00000a04                init_ports
                0x00000a14                menue_datum_einstellen
                0x00000d54                menue_zeiten_einstellen
                0x00000fea                MAIN_3
                0x000010e6                temperatur_to_string
                0x000011f4                menue_temperatur_offset
                0x00001320                MAIN_1
                0x00001336                menue_schalttemperaturen_einstellen
                0x000015c0                MAIN_2
                0x000016de                vergleiche_temperaturen
                0x00001708                vergleiche_zeiten
                0x0000184c                lampen_schalten
                0x00001892                temperatuen_schalten
                0x000019b2                read_eeprom_daten
                0x00001a30                zustand_lcd
                0x00001a3c                main_anzeige
                0x00001bb8                send_to_uart
                0x00001be0                main
 .text          0x00001d1c      0x126 taster.o
                0x00001d1c                __vector_18
                0x00001dde                get_key_press
                0x00001df4                get_key_rpt
                0x00001e0a                get_key_short
                0x00001e1a                get_key_long
                0x00001e24                init_taster
 .text          0x00001e42      0x300 uart.o
                0x00001e42                __vector_20
                0x00001e98                __vector_21
                0x00001eec                uart_init
                0x00001f1e                uart_getc
                0x00001f54                uart_putc
                0x00001f7e                uart_puts
                0x00001fa6                uart_puts_p
                0x00001fc2                __vector_28
                0x00002018                __vector_29
                0x0000206c                uart1_init
                0x0000209e                uart1_getc
                0x000020d4                uart1_putc
                0x000020fe                uart1_puts
                0x00002126                uart1_puts_p
 .text          0x00002142        0x0 c:/program files (x86)/atmel/avr studio 5.0/avr toolchain/bin/../lib/gcc/avr/4.5.1/avr5\libgcc.a(_mulsi3.o)
 .text          0x00002142        0x0 c:/program files (x86)/atmel/avr studio 5.0/avr toolchain/bin/../lib/gcc/avr/4.5.1/avr5\libgcc.a(_udivmodqi4.o)
 .text          0x00002142        0x0 c:/program files (x86)/atmel/avr studio 5.0/avr toolchain/bin/../lib/gcc/avr/4.5.1/avr5\libgcc.a(_divmodsi4.o)
 .text          0x00002142        0x0 c:/program files (x86)/atmel/avr studio 5.0/avr toolchain/bin/../lib/gcc/avr/4.5.1/avr5\libgcc.a(_exit.o)
 .text          0x00002142        0x0 c:/program files (x86)/atmel/avr studio 5.0/avr toolchain/bin/../lib/gcc/avr/4.5.1/avr5\libgcc.a(_copy_data.o)
 .text          0x00002142        0x0 c:/program files (x86)/atmel/avr studio 5.0/avr toolchain/bin/../lib/gcc/avr/4.5.1/avr5\libgcc.a(_clear_bss.o)
 .text          0x00002142        0x0 c:/program files (x86)/atmel/avr studio 5.0/avr toolchain/bin/../lib/gcc/avr/4.5.1/avr5\libgcc.a(_udivmodsi4.o)
 .text          0x00002142        0x0 c:/program files (x86)/atmel/avr studio 5.0/avr toolchain/bin/../lib/gcc/avr/4.5.1/../../../../avr/lib/avr5\libc.a(strcpy_P.o)
 .text          0x00002142        0x0 c:/program files (x86)/atmel/avr studio 5.0/avr toolchain/bin/../lib/gcc/avr/4.5.1/../../../../avr/lib/avr5\libc.a(sprintf.o)
 .text          0x00002142        0x0 c:/program files (x86)/atmel/avr studio 5.0/avr toolchain/bin/../lib/gcc/avr/4.5.1/../../../../avr/lib/avr5\libc.a(vfprintf_std.o)
 .text          0x00002142        0x0 c:/program files (x86)/atmel/avr studio 5.0/avr toolchain/bin/../lib/gcc/avr/4.5.1/../../../../avr/lib/avr5\libc.a(eerd_block_atmega644p.o)
 .text          0x00002142        0x0 c:/program files (x86)/atmel/avr studio 5.0/avr toolchain/bin/../lib/gcc/avr/4.5.1/../../../../avr/lib/avr5\libc.a(eerd_byte_atmega644p.o)
 .text          0x00002142        0x0 c:/program files (x86)/atmel/avr studio 5.0/avr toolchain/bin/../lib/gcc/avr/4.5.1/../../../../avr/lib/avr5\libc.a(eewr_block_atmega644p.o)
 .text          0x00002142        0x0 c:/program files (x86)/atmel/avr studio 5.0/avr toolchain/bin/../lib/gcc/avr/4.5.1/../../../../avr/lib/avr5\libc.a(eewr_byte_atmega644p.o)
 .text          0x00002142        0x0 c:/program files (x86)/atmel/avr studio 5.0/avr toolchain/bin/../lib/gcc/avr/4.5.1/../../../../avr/lib/avr5\libc.a(strnlen_P.o)
 .text          0x00002142        0x0 c:/program files (x86)/atmel/avr studio 5.0/avr toolchain/bin/../lib/gcc/avr/4.5.1/../../../../avr/lib/avr5\libc.a(strnlen.o)
 .text          0x00002142        0x0 c:/program files (x86)/atmel/avr studio 5.0/avr toolchain/bin/../lib/gcc/avr/4.5.1/../../../../avr/lib/avr5\libc.a(fputc.o)
 .text          0x00002142        0x0 c:/program files (x86)/atmel/avr studio 5.0/avr toolchain/bin/../lib/gcc/avr/4.5.1/../../../../avr/lib/avr5\libc.a(ultoa_invert.o)
 .text          0x00002142        0x0 c:/program files (x86)/atmel/avr studio 5.0/avr toolchain/bin/../lib/gcc/avr/4.5.1/avr5\libgcc.a(_prologue.o)
 .text          0x00002142        0x0 c:/program files (x86)/atmel/avr studio 5.0/avr toolchain/bin/../lib/gcc/avr/4.5.1/avr5\libgcc.a(_epilogue.o)
                0x00002142                . = ALIGN (0x2)
 *(.text.*)
 .text.libgcc   0x00002142       0x3e c:/program files (x86)/atmel/avr studio 5.0/avr toolchain/bin/../lib/gcc/avr/4.5.1/avr5\libgcc.a(_mulsi3.o)
                0x00002142                __mulsi3
 .text.libgcc   0x00002180       0x18 c:/program files (x86)/atmel/avr studio 5.0/avr toolchain/bin/../lib/gcc/avr/4.5.1/avr5\libgcc.a(_udivmodqi4.o)
                0x00002180                __udivmodqi4
 .text.libgcc   0x00002198       0x36 c:/program files (x86)/atmel/avr studio 5.0/avr toolchain/bin/../lib/gcc/avr/4.5.1/avr5\libgcc.a(_divmodsi4.o)
                0x00002198                __divmodsi4
 .text.libgcc   0x000021ce        0x0 c:/program files (x86)/atmel/avr studio 5.0/avr toolchain/bin/../lib/gcc/avr/4.5.1/avr5\libgcc.a(_exit.o)
 .text.libgcc   0x000021ce        0x0 c:/program files (x86)/atmel/avr studio 5.0/avr toolchain/bin/../lib/gcc/avr/4.5.1/avr5\libgcc.a(_copy_data.o)
 .text.libgcc   0x000021ce        0x0 c:/program files (x86)/atmel/avr studio 5.0/avr toolchain/bin/../lib/gcc/avr/4.5.1/avr5\libgcc.a(_clear_bss.o)
 .text.libgcc   0x000021ce       0x44 c:/program files (x86)/atmel/avr studio 5.0/avr toolchain/bin/../lib/gcc/avr/4.5.1/avr5\libgcc.a(_udivmodsi4.o)
                0x000021ce                __udivmodsi4
 .text.avr-libc
                0x00002212        0xe c:/program files (x86)/atmel/avr studio 5.0/avr toolchain/bin/../lib/gcc/avr/4.5.1/../../../../avr/lib/avr5\libc.a(strcpy_P.o)
                0x00002212                strcpy_P
 .text.avr-libc
                0x00002220       0x46 c:/program files (x86)/atmel/avr studio 5.0/avr toolchain/bin/../lib/gcc/avr/4.5.1/../../../../avr/lib/avr5\libc.a(sprintf.o)
                0x00002220                sprintf
 .text.avr-libc
                0x00002266      0x3ce c:/program files (x86)/atmel/avr studio 5.0/avr toolchain/bin/../lib/gcc/avr/4.5.1/../../../../avr/lib/avr5\libc.a(vfprintf_std.o)
                0x00002266                vfprintf
 .text.avr-libc
                0x00002634       0x20 c:/program files (x86)/atmel/avr studio 5.0/avr toolchain/bin/../lib/gcc/avr/4.5.1/../../../../avr/lib/avr5\libc.a(eerd_block_atmega644p.o)
                0x00002634                __eerd_block_m644p
                0x00002638                __eerd_blraw_m644p
 .text.avr-libc
                0x00002654       0x10 c:/program files (x86)/atmel/avr studio 5.0/avr toolchain/bin/../lib/gcc/avr/4.5.1/../../../../avr/lib/avr5\libc.a(eerd_byte_atmega644p.o)
                0x00002654                __eerd_byte_m644p
 .text.avr-libc
                0x00002664       0x14 c:/program files (x86)/atmel/avr studio 5.0/avr toolchain/bin/../lib/gcc/avr/4.5.1/../../../../avr/lib/avr5\libc.a(eewr_block_atmega644p.o)
                0x00002664                __eewr_block_m644p
 .text.avr-libc
                0x00002678       0x1c c:/program files (x86)/atmel/avr studio 5.0/avr toolchain/bin/../lib/gcc/avr/4.5.1/../../../../avr/lib/avr5\libc.a(eewr_byte_atmega644p.o)
                0x00002678                __eewr_byte_m644p
                0x0000267a                __eewr_r18_m644p
 .text.avr-libc
                0x00002694       0x16 c:/program files (x86)/atmel/avr studio 5.0/avr toolchain/bin/../lib/gcc/avr/4.5.1/../../../../avr/lib/avr5\libc.a(strnlen_P.o)
                0x00002694                strnlen_P
 .text.avr-libc
                0x000026aa       0x16 c:/program files (x86)/atmel/avr studio 5.0/avr toolchain/bin/../lib/gcc/avr/4.5.1/../../../../avr/lib/avr5\libc.a(strnlen.o)
                0x000026aa                strnlen
 .text.avr-libc
                0x000026c0       0x58 c:/program files (x86)/atmel/avr studio 5.0/avr toolchain/bin/../lib/gcc/avr/4.5.1/../../../../avr/lib/avr5\libc.a(fputc.o)
                0x000026c0                fputc
 .text.avr-libc
                0x00002718       0xbc c:/program files (x86)/atmel/avr studio 5.0/avr toolchain/bin/../lib/gcc/avr/4.5.1/../../../../avr/lib/avr5\libc.a(ultoa_invert.o)
                0x00002718                __ultoa_invert
 .text.libgcc   0x000027d4       0x38 c:/program files (x86)/atmel/avr studio 5.0/avr toolchain/bin/../lib/gcc/avr/4.5.1/avr5\libgcc.a(_prologue.o)
                0x000027d4                __prologue_saves__
 .text.libgcc   0x0000280c       0x36 c:/program files (x86)/atmel/avr studio 5.0/avr toolchain/bin/../lib/gcc/avr/4.5.1/avr5\libgcc.a(_epilogue.o)
                0x0000280c                __epilogue_restores__
                0x00002842                . = ALIGN (0x2)
 *(.fini9)
 .fini9         0x00002842        0x0 c:/program files (x86)/atmel/avr studio 5.0/avr toolchain/bin/../lib/gcc/avr/4.5.1/avr5\libgcc.a(_exit.o)
                0x00002842                _exit
                0x00002842                exit
 *(.fini9)
 *(.fini8)
 *(.fini8)
 *(.fini7)
 *(.fini7)
 *(.fini6)
 *(.fini6)
 *(.fini5)
 *(.fini5)
 *(.fini4)
 *(.fini4)
 *(.fini3)
 *(.fini3)
 *(.fini2)
 *(.fini2)
 *(.fini1)
 *(.fini1)
 *(.fini0)
 .fini0         0x00002842        0x4 c:/program files (x86)/atmel/avr studio 5.0/avr toolchain/bin/../lib/gcc/avr/4.5.1/avr5\libgcc.a(_exit.o)
 *(.fini0)
                0x00002846                _etext = .

.data           0x00800100       0xdc load address 0x00002846
                0x00800100                PROVIDE (__data_start, .)
 *(.data)
 .data          0x00800100        0x0 c:/program files (x86)/atmel/avr studio 5.0/avr toolchain/bin/../lib/gcc/avr/4.5.1/../../../../avr/lib/avr5/crtm644p.o
 .data          0x00800100        0x0 DS1307.o
 .data          0x00800100        0x2 i2clcd.o
                0x00800100                backlight
 .data          0x00800102        0x0 i2cmaster.o
 .data          0x00800102        0x0 LM67.o
 .data          0x00800102       0xd9 main.o
 .data          0x008001db        0x0 taster.o
 .data          0x008001db        0x0 uart.o
 .data          0x008001db        0x0 c:/program files (x86)/atmel/avr studio 5.0/avr toolchain/bin/../lib/gcc/avr/4.5.1/avr5\libgcc.a(_mulsi3.o)
 .data          0x008001db        0x0 c:/program files (x86)/atmel/avr studio 5.0/avr toolchain/bin/../lib/gcc/avr/4.5.1/avr5\libgcc.a(_udivmodqi4.o)
 .data          0x008001db        0x0 c:/program files (x86)/atmel/avr studio 5.0/avr toolchain/bin/../lib/gcc/avr/4.5.1/avr5\libgcc.a(_divmodsi4.o)
 .data          0x008001db        0x0 c:/program files (x86)/atmel/avr studio 5.0/avr toolchain/bin/../lib/gcc/avr/4.5.1/avr5\libgcc.a(_exit.o)
 .data          0x008001db        0x0 c:/program files (x86)/atmel/avr studio 5.0/avr toolchain/bin/../lib/gcc/avr/4.5.1/avr5\libgcc.a(_copy_data.o)
 .data          0x008001db        0x0 c:/program files (x86)/atmel/avr studio 5.0/avr toolchain/bin/../lib/gcc/avr/4.5.1/avr5\libgcc.a(_clear_bss.o)
 .data          0x008001db        0x0 c:/program files (x86)/atmel/avr studio 5.0/avr toolchain/bin/../lib/gcc/avr/4.5.1/avr5\libgcc.a(_udivmodsi4.o)
 .data          0x008001db        0x0 c:/program files (x86)/atmel/avr studio 5.0/avr toolchain/bin/../lib/gcc/avr/4.5.1/../../../../avr/lib/avr5\libc.a(strcpy_P.o)
 .data          0x008001db        0x0 c:/program files (x86)/atmel/avr studio 5.0/avr toolchain/bin/../lib/gcc/avr/4.5.1/../../../../avr/lib/avr5\libc.a(sprintf.o)
 .data          0x008001db        0x0 c:/program files (x86)/atmel/avr studio 5.0/avr toolchain/bin/../lib/gcc/avr/4.5.1/../../../../avr/lib/avr5\libc.a(vfprintf_std.o)
 .data          0x008001db        0x0 c:/program files (x86)/atmel/avr studio 5.0/avr toolchain/bin/../lib/gcc/avr/4.5.1/../../../../avr/lib/avr5\libc.a(eerd_block_atmega644p.o)
 .data          0x008001db        0x0 c:/program files (x86)/atmel/avr studio 5.0/avr toolchain/bin/../lib/gcc/avr/4.5.1/../../../../avr/lib/avr5\libc.a(eerd_byte_atmega644p.o)
 .data          0x008001db        0x0 c:/program files (x86)/atmel/avr studio 5.0/avr toolchain/bin/../lib/gcc/avr/4.5.1/../../../../avr/lib/avr5\libc.a(eewr_block_atmega644p.o)
 .data          0x008001db        0x0 c:/program files (x86)/atmel/avr studio 5.0/avr toolchain/bin/../lib/gcc/avr/4.5.1/../../../../avr/lib/avr5\libc.a(eewr_byte_atmega644p.o)
 .data          0x008001db        0x0 c:/program files (x86)/atmel/avr studio 5.0/avr toolchain/bin/../lib/gcc/avr/4.5.1/../../../../avr/lib/avr5\libc.a(strnlen_P.o)
 .data          0x008001db        0x0 c:/program files (x86)/atmel/avr studio 5.0/avr toolchain/bin/../lib/gcc/avr/4.5.1/../../../../avr/lib/avr5\libc.a(strnlen.o)
 .data          0x008001db        0x0 c:/program files (x86)/atmel/avr studio 5.0/avr toolchain/bin/../lib/gcc/avr/4.5.1/../../../../avr/lib/avr5\libc.a(fputc.o)
 .data          0x008001db        0x0 c:/program files (x86)/atmel/avr studio 5.0/avr toolchain/bin/../lib/gcc/avr/4.5.1/../../../../avr/lib/avr5\libc.a(ultoa_invert.o)
 .data          0x008001db        0x0 c:/program files (x86)/atmel/avr studio 5.0/avr toolchain/bin/../lib/gcc/avr/4.5.1/avr5\libgcc.a(_prologue.o)
 .data          0x008001db        0x0 c:/program files (x86)/atmel/avr studio 5.0/avr toolchain/bin/../lib/gcc/avr/4.5.1/avr5\libgcc.a(_epilogue.o)
 *(.data*)
 *(.rodata)
 *(.rodata*)
 *(.gnu.linkonce.d*)
                0x008001dc                . = ALIGN (0x2)
 *fill*         0x008001db        0x1 00
                0x008001dc                _edata = .
                0x008001dc                PROVIDE (__data_end, .)

.bss            0x008001dc      0x14e
                0x008001dc                PROVIDE (__bss_start, .)
 *(.bss)
 .bss           0x008001dc        0x0 c:/program files (x86)/atmel/avr studio 5.0/avr toolchain/bin/../lib/gcc/avr/4.5.1/../../../../avr/lib/avr5/crtm644p.o
 .bss           0x008001dc        0x0 DS1307.o
 .bss           0x008001dc       0x14 i2clcd.o
 .bss           0x008001f0        0x0 i2cmaster.o
 .bss           0x008001f0        0x0 LM67.o
 .bss           0x008001f0        0x0 main.o
 .bss           0x008001f0        0x5 taster.o
 .bss           0x008001f5       0x8a uart.o
 .bss           0x0080027f        0x0 c:/program files (x86)/atmel/avr studio 5.0/avr toolchain/bin/../lib/gcc/avr/4.5.1/avr5\libgcc.a(_mulsi3.o)
 .bss           0x0080027f        0x0 c:/program files (x86)/atmel/avr studio 5.0/avr toolchain/bin/../lib/gcc/avr/4.5.1/avr5\libgcc.a(_udivmodqi4.o)
 .bss           0x0080027f        0x0 c:/program files (x86)/atmel/avr studio 5.0/avr toolchain/bin/../lib/gcc/avr/4.5.1/avr5\libgcc.a(_divmodsi4.o)
 .bss           0x0080027f        0x0 c:/program files (x86)/atmel/avr studio 5.0/avr toolchain/bin/../lib/gcc/avr/4.5.1/avr5\libgcc.a(_exit.o)
 .bss           0x0080027f        0x0 c:/program files (x86)/atmel/avr studio 5.0/avr toolchain/bin/../lib/gcc/avr/4.5.1/avr5\libgcc.a(_copy_data.o)
 .bss           0x0080027f        0x0 c:/program files (x86)/atmel/avr studio 5.0/avr toolchain/bin/../lib/gcc/avr/4.5.1/avr5\libgcc.a(_clear_bss.o)
 .bss           0x0080027f        0x0 c:/program files (x86)/atmel/avr studio 5.0/avr toolchain/bin/../lib/gcc/avr/4.5.1/avr5\libgcc.a(_udivmodsi4.o)
 .bss           0x0080027f        0x0 c:/program files (x86)/atmel/avr studio 5.0/avr toolchain/bin/../lib/gcc/avr/4.5.1/../../../../avr/lib/avr5\libc.a(strcpy_P.o)
 .bss           0x0080027f        0x0 c:/program files (x86)/atmel/avr studio 5.0/avr toolchain/bin/../lib/gcc/avr/4.5.1/../../../../avr/lib/avr5\libc.a(sprintf.o)
 .bss           0x0080027f        0x0 c:/program files (x86)/atmel/avr studio 5.0/avr toolchain/bin/../lib/gcc/avr/4.5.1/../../../../avr/lib/avr5\libc.a(vfprintf_std.o)
 .bss           0x0080027f        0x0 c:/program files (x86)/atmel/avr studio 5.0/avr toolchain/bin/../lib/gcc/avr/4.5.1/../../../../avr/lib/avr5\libc.a(eerd_block_atmega644p.o)
 .bss           0x0080027f        0x0 c:/program files (x86)/atmel/avr studio 5.0/avr toolchain/bin/../lib/gcc/avr/4.5.1/../../../../avr/lib/avr5\libc.a(eerd_byte_atmega644p.o)
 .bss           0x0080027f        0x0 c:/program files (x86)/atmel/avr studio 5.0/avr toolchain/bin/../lib/gcc/avr/4.5.1/../../../../avr/lib/avr5\libc.a(eewr_block_atmega644p.o)
 .bss           0x0080027f        0x0 c:/program files (x86)/atmel/avr studio 5.0/avr toolchain/bin/../lib/gcc/avr/4.5.1/../../../../avr/lib/avr5\libc.a(eewr_byte_atmega644p.o)
 .bss           0x0080027f        0x0 c:/program files (x86)/atmel/avr studio 5.0/avr toolchain/bin/../lib/gcc/avr/4.5.1/../../../../avr/lib/avr5\libc.a(strnlen_P.o)
 .bss           0x0080027f        0x0 c:/program files (x86)/atmel/avr studio 5.0/avr toolchain/bin/../lib/gcc/avr/4.5.1/../../../../avr/lib/avr5\libc.a(strnlen.o)
 .bss           0x0080027f        0x0 c:/program files (x86)/atmel/avr studio 5.0/avr toolchain/bin/../lib/gcc/avr/4.5.1/../../../../avr/lib/avr5\libc.a(fputc.o)
 .bss           0x0080027f        0x0 c:/program files (x86)/atmel/avr studio 5.0/avr toolchain/bin/../lib/gcc/avr/4.5.1/../../../../avr/lib/avr5\libc.a(ultoa_invert.o)
 .bss           0x0080027f        0x0 c:/program files (x86)/atmel/avr studio 5.0/avr toolchain/bin/../lib/gcc/avr/4.5.1/avr5\libgcc.a(_prologue.o)
 .bss           0x0080027f        0x0 c:/program files (x86)/atmel/avr studio 5.0/avr toolchain/bin/../lib/gcc/avr/4.5.1/avr5\libgcc.a(_epilogue.o)
 *(.bss*)
 *(COMMON)
 COMMON         0x0080027f       0xab main.o
                0x0080027f                tmp
                0x00800281                alarm_zustand
                0x00800282                luefter
                0x00800288                anzeigetext
                0x008002b0                set_zeit
                0x008002b7                temperatur_offset
                0x008002b8                heizer
                0x008002be                zeit
                0x008002c5                alarm
                0x008002cb                extremwerte
                0x008002d1                anzeigetext1
                0x008002e5                temperatur
                0x008002e7                lampe_off
                0x008002ee                buffer
                0x008002fa                key_rpt
                0x008002fb                lampe_on
                0x00800302                error_flag
                0x00800303                messflag1
                0x00800304                anzeigetext2
                0x00800318                ml_on
                0x0080031f                ml_off
                0x00800326                key_press
                0x00800327                messflag2
                0x00800328                key_state
                0x00800329                schalte_ausgang
                0x0080032a                PROVIDE (__bss_end, .)
                0x00002846                __data_load_start = LOADADDR (.data)
                0x00002922                __data_load_end = (__data_load_start + SIZEOF (.data))

.noinit         0x0080032a        0x0
                0x0080032a                PROVIDE (__noinit_start, .)
 *(.noinit*)
                0x0080032a                PROVIDE (__noinit_end, .)
                0x0080032a                _end = .
                0x0080032a                PROVIDE (__heap_start, .)

.eeprom         0x00810000       0x2f
 *(.eeprom*)
 .eeprom        0x00810000       0x2f main.o
                0x00810000                temperatur_offset_eeprom
                0x00810001                alarm_eeprom
                0x00810007                heizer_eeprom
                0x0081000d                luefter_eeprom
                0x00810013                lampe_on_eeprom
                0x0081001a                lampe_off_eeprom
                0x00810021                ml_on_eeprom
                0x00810028                ml_off_eeprom
                0x0081002f                __eeprom_end = .

.fuse
 *(.fuse)
 *(.lfuse)
 *(.hfuse)
 *(.efuse)

.lock
 *(.lock*)

.signature
 *(.signature*)

.stab           0x00000000     0x1008
 *(.stab)
 .stab          0x00000000      0x6cc c:/program files (x86)/atmel/avr studio 5.0/avr toolchain/bin/../lib/gcc/avr/4.5.1/../../../../avr/lib/avr5/crtm644p.o
 .stab          0x000006cc       0x6c c:/program files (x86)/atmel/avr studio 5.0/avr toolchain/bin/../lib/gcc/avr/4.5.1/../../../../avr/lib/avr5\libc.a(strcpy_P.o)
                                 0x78 (size before relaxing)
 .stab          0x00000738      0x108 c:/program files (x86)/atmel/avr studio 5.0/avr toolchain/bin/../lib/gcc/avr/4.5.1/../../../../avr/lib/avr5\libc.a(eerd_block_atmega644p.o)
                                0x114 (size before relaxing)
 .stab          0x00000840       0x90 c:/program files (x86)/atmel/avr studio 5.0/avr toolchain/bin/../lib/gcc/avr/4.5.1/../../../../avr/lib/avr5\libc.a(eerd_byte_atmega644p.o)
                                 0x9c (size before relaxing)
 .stab          0x000008d0       0x9c c:/program files (x86)/atmel/avr studio 5.0/avr toolchain/bin/../lib/gcc/avr/4.5.1/../../../../avr/lib/avr5\libc.a(eewr_block_atmega644p.o)
                                 0xa8 (size before relaxing)
 .stab          0x0000096c       0xe4 c:/program files (x86)/atmel/avr studio 5.0/avr toolchain/bin/../lib/gcc/avr/4.5.1/../../../../avr/lib/avr5\libc.a(eewr_byte_atmega644p.o)
                                 0xf0 (size before relaxing)
 .stab          0x00000a50       0x9c c:/program files (x86)/atmel/avr studio 5.0/avr toolchain/bin/../lib/gcc/avr/4.5.1/../../../../avr/lib/avr5\libc.a(strnlen_P.o)
                                 0xa8 (size before relaxing)
 .stab          0x00000aec       0x9c c:/program files (x86)/atmel/avr studio 5.0/avr toolchain/bin/../lib/gcc/avr/4.5.1/../../../../avr/lib/avr5\libc.a(strnlen.o)
                                 0xa8 (size before relaxing)
 .stab          0x00000b88      0x480 c:/program files (x86)/atmel/avr studio 5.0/avr toolchain/bin/../lib/gcc/avr/4.5.1/../../../../avr/lib/avr5\libc.a(ultoa_invert.o)
                                0x48c (size before relaxing)

.stabstr        0x00000000      0x3aa
 *(.stabstr)
 .stabstr       0x00000000      0x3aa c:/program files (x86)/atmel/avr studio 5.0/avr toolchain/bin/../lib/gcc/avr/4.5.1/../../../../avr/lib/avr5/crtm644p.o

.stab.excl
 *(.stab.excl)

.stab.exclstr
 *(.stab.exclstr)

.stab.index
 *(.stab.index)

.stab.indexstr
 *(.stab.indexstr)

.comment
 *(.comment)

.debug
 *(.debug)

.line
 *(.line)

.debug_srcinfo
 *(.debug_srcinfo)

.debug_sfnames
 *(.debug_sfnames)

.debug_aranges  0x00000000      0x140
 *(.debug_aranges)
 .debug_aranges
                0x00000000       0x20 DS1307.o
 .debug_aranges
                0x00000020       0x20 i2clcd.o
 .debug_aranges
                0x00000040       0x20 i2cmaster.o
 .debug_aranges
                0x00000060       0x20 LM67.o
 .debug_aranges
                0x00000080       0x20 main.o
 .debug_aranges
                0x000000a0       0x20 taster.o
 .debug_aranges
                0x000000c0       0x20 uart.o
 .debug_aranges
                0x000000e0       0x20 c:/program files (x86)/atmel/avr studio 5.0/avr toolchain/bin/../lib/gcc/avr/4.5.1/../../../../avr/lib/avr5\libc.a(sprintf.o)
 .debug_aranges
                0x00000100       0x20 c:/program files (x86)/atmel/avr studio 5.0/avr toolchain/bin/../lib/gcc/avr/4.5.1/../../../../avr/lib/avr5\libc.a(vfprintf_std.o)
 .debug_aranges
                0x00000120       0x20 c:/program files (x86)/atmel/avr studio 5.0/avr toolchain/bin/../lib/gcc/avr/4.5.1/../../../../avr/lib/avr5\libc.a(fputc.o)

.debug_pubnames
                0x00000000      0x8cd
 *(.debug_pubnames)
 .debug_pubnames
                0x00000000       0x80 DS1307.o
 .debug_pubnames
                0x00000080      0x16c i2clcd.o
 .debug_pubnames
                0x000001ec       0x8d i2cmaster.o
 .debug_pubnames
                0x00000279       0x2a LM67.o
 .debug_pubnames
                0x000002a3      0x42f main.o
 .debug_pubnames
                0x000006d2       0xbb taster.o
 .debug_pubnames
                0x0000078d       0xe7 uart.o
 .debug_pubnames
                0x00000874       0x1e c:/program files (x86)/atmel/avr studio 5.0/avr toolchain/bin/../lib/gcc/avr/4.5.1/../../../../avr/lib/avr5\libc.a(sprintf.o)
 .debug_pubnames
                0x00000892       0x1f c:/program files (x86)/atmel/avr studio 5.0/avr toolchain/bin/../lib/gcc/avr/4.5.1/../../../../avr/lib/avr5\libc.a(vfprintf_std.o)
 .debug_pubnames
                0x000008b1       0x1c c:/program files (x86)/atmel/avr studio 5.0/avr toolchain/bin/../lib/gcc/avr/4.5.1/../../../../avr/lib/avr5\libc.a(fputc.o)

.debug_info     0x00000000     0x2886
 *(.debug_info)
 .debug_info    0x00000000      0x256 DS1307.o
 .debug_info    0x00000256      0x647 i2clcd.o
 .debug_info    0x0000089d      0x1a0 i2cmaster.o
 .debug_info    0x00000a3d       0xf2 LM67.o
 .debug_info    0x00000b2f      0xf81 main.o
 .debug_info    0x00001ab0      0x258 taster.o
 .debug_info    0x00001d08      0x510 uart.o
 .debug_info    0x00002218      0x1b7 c:/program files (x86)/atmel/avr studio 5.0/avr toolchain/bin/../lib/gcc/avr/4.5.1/../../../../avr/lib/avr5\libc.a(sprintf.o)
 .debug_info    0x000023cf      0x350 c:/program files (x86)/atmel/avr studio 5.0/avr toolchain/bin/../lib/gcc/avr/4.5.1/../../../../avr/lib/avr5\libc.a(vfprintf_std.o)
 .debug_info    0x0000271f      0x167 c:/program files (x86)/atmel/avr studio 5.0/avr toolchain/bin/../lib/gcc/avr/4.5.1/../../../../avr/lib/avr5\libc.a(fputc.o)
 *(.gnu.linkonce.wi.*)

.debug_abbrev   0x00000000      0xce9
 *(.debug_abbrev)
 .debug_abbrev  0x00000000      0x115 DS1307.o
 .debug_abbrev  0x00000115      0x1e3 i2clcd.o
 .debug_abbrev  0x000002f8       0xc0 i2cmaster.o
 .debug_abbrev  0x000003b8       0x9a LM67.o
 .debug_abbrev  0x00000452      0x35b main.o
 .debug_abbrev  0x000007ad       0xdf taster.o
 .debug_abbrev  0x0000088c      0x128 uart.o
 .debug_abbrev  0x000009b4       0xfd c:/program files (x86)/atmel/avr studio 5.0/avr toolchain/bin/../lib/gcc/avr/4.5.1/../../../../avr/lib/avr5\libc.a(sprintf.o)
 .debug_abbrev  0x00000ab1      0x15f c:/program files (x86)/atmel/avr studio 5.0/avr toolchain/bin/../lib/gcc/avr/4.5.1/../../../../avr/lib/avr5\libc.a(vfprintf_std.o)
 .debug_abbrev  0x00000c10       0xd9 c:/program files (x86)/atmel/avr studio 5.0/avr toolchain/bin/../lib/gcc/avr/4.5.1/../../../../avr/lib/avr5\libc.a(fputc.o)

.debug_line     0x00000000     0x2d5c
 *(.debug_line)
 .debug_line    0x00000000      0x312 DS1307.o
 .debug_line    0x00000312      0x6bb i2clcd.o
 .debug_line    0x000009cd      0x2ad i2cmaster.o
 .debug_line    0x00000c7a      0x134 LM67.o
 .debug_line    0x00000dae      0xfb2 main.o
 .debug_line    0x00001d60      0x252 taster.o
 .debug_line    0x00001fb2      0x467 uart.o
 .debug_line    0x00002419      0x1af c:/program files (x86)/atmel/avr studio 5.0/avr toolchain/bin/../lib/gcc/avr/4.5.1/../../../../avr/lib/avr5\libc.a(sprintf.o)
 .debug_line    0x000025c8      0x64d c:/program files (x86)/atmel/avr studio 5.0/avr toolchain/bin/../lib/gcc/avr/4.5.1/../../../../avr/lib/avr5\libc.a(vfprintf_std.o)
 .debug_line    0x00002c15      0x147 c:/program files (x86)/atmel/avr studio 5.0/avr toolchain/bin/../lib/gcc/avr/4.5.1/../../../../avr/lib/avr5\libc.a(fputc.o)

.debug_frame    0x00000000      0x580
 *(.debug_frame)
 .debug_frame   0x00000000       0x70 DS1307.o
 .debug_frame   0x00000070      0x160 i2clcd.o
 .debug_frame   0x000001d0       0x90 i2cmaster.o
 .debug_frame   0x00000260       0x20 LM67.o
 .debug_frame   0x00000280      0x140 main.o
 .debug_frame   0x000003c0       0x70 taster.o
 .debug_frame   0x00000430       0xf0 uart.o
 .debug_frame   0x00000520       0x20 c:/program files (x86)/atmel/avr studio 5.0/avr toolchain/bin/../lib/gcc/avr/4.5.1/../../../../avr/lib/avr5\libc.a(sprintf.o)
 .debug_frame   0x00000540       0x20 c:/program files (x86)/atmel/avr studio 5.0/avr toolchain/bin/../lib/gcc/avr/4.5.1/../../../../avr/lib/avr5\libc.a(vfprintf_std.o)
 .debug_frame   0x00000560       0x20 c:/program files (x86)/atmel/avr studio 5.0/avr toolchain/bin/../lib/gcc/avr/4.5.1/../../../../avr/lib/avr5\libc.a(fputc.o)

.debug_str      0x00000000      0xbab
 *(.debug_str)
 .debug_str     0x00000000      0x150 DS1307.o
                                0x18e (size before relaxing)
 .debug_str     0x00000150      0x16a i2clcd.o
                                0x250 (size before relaxing)
 .debug_str     0x000002ba       0x79 i2cmaster.o
                                0x132 (size before relaxing)
 .debug_str     0x00000333       0x45 LM67.o
                                0x112 (size before relaxing)
 .debug_str     0x00000378      0x49a main.o
                                0x62d (size before relaxing)
 .debug_str     0x00000812       0x7e taster.o
                                0x16a (size before relaxing)
 .debug_str     0x00000890      0x18d uart.o
                                0x272 (size before relaxing)
 .debug_str     0x00000a1d       0x99 c:/program files (x86)/atmel/avr studio 5.0/avr toolchain/bin/../lib/gcc/avr/4.5.1/../../../../avr/lib/avr5\libc.a(sprintf.o)
                                0x121 (size before relaxing)
 .debug_str     0x00000ab6       0x9f c:/program files (x86)/atmel/avr studio 5.0/avr toolchain/bin/../lib/gcc/avr/4.5.1/../../../../avr/lib/avr5\libc.a(vfprintf_std.o)
                                0x177 (size before relaxing)
 .debug_str     0x00000b55       0x56 c:/program files (x86)/atmel/avr studio 5.0/avr toolchain/bin/../lib/gcc/avr/4.5.1/../../../../avr/lib/avr5\libc.a(fputc.o)
                                 0xfb (size before relaxing)

.debug_loc      0x00000000     0x1d3e
 *(.debug_loc)
 .debug_loc     0x00000000      0x181 DS1307.o
 .debug_loc     0x00000181      0x672 i2clcd.o
 .debug_loc     0x000007f3       0xd2 i2cmaster.o
 .debug_loc     0x000008c5       0x91 LM67.o
 .debug_loc     0x00000956      0x847 main.o
 .debug_loc     0x0000119d       0x80 taster.o
 .debug_loc     0x0000121d      0x430 uart.o
 .debug_loc     0x0000164d      0x6a1 c:/program files (x86)/atmel/avr studio 5.0/avr toolchain/bin/../lib/gcc/avr/4.5.1/../../../../avr/lib/avr5\libc.a(vfprintf_std.o)
 .debug_loc     0x00001cee       0x50 c:/program files (x86)/atmel/avr studio 5.0/avr toolchain/bin/../lib/gcc/avr/4.5.1/../../../../avr/lib/avr5\libc.a(fputc.o)

.debug_macinfo
 *(.debug_macinfo)
OUTPUT(I2C LCD.elf elf32-avr)
LOAD linker stubs

.debug_pubtypes
                0x00000000      0x26f
 .debug_pubtypes
                0x00000000       0x3b DS1307.o
 .debug_pubtypes
                0x0000003b       0x2b i2clcd.o
 .debug_pubtypes
                0x00000066       0x1e i2cmaster.o
 .debug_pubtypes
                0x00000084       0x2b LM67.o
 .debug_pubtypes
                0x000000af       0xa7 main.o
 .debug_pubtypes
                0x00000156       0x2a taster.o
 .debug_pubtypes
                0x00000180       0x2b uart.o
 .debug_pubtypes
                0x000001ab       0x48 c:/program files (x86)/atmel/avr studio 5.0/avr toolchain/bin/../lib/gcc/avr/4.5.1/../../../../avr/lib/avr5\libc.a(sprintf.o)
 .debug_pubtypes
                0x000001f3       0x53 c:/program files (x86)/atmel/avr studio 5.0/avr toolchain/bin/../lib/gcc/avr/4.5.1/../../../../avr/lib/avr5\libc.a(vfprintf_std.o)
 .debug_pubtypes
                0x00000246       0x29 c:/program files (x86)/atmel/avr studio 5.0/avr toolchain/bin/../lib/gcc/avr/4.5.1/../../../../avr/lib/avr5\libc.a(fputc.o)

.debug_ranges   0x00000000       0x78
 .debug_ranges  0x00000000       0x30 i2clcd.o
 .debug_ranges  0x00000030       0x10 c:/program files (x86)/atmel/avr studio 5.0/avr toolchain/bin/../lib/gcc/avr/4.5.1/../../../../avr/lib/avr5\libc.a(sprintf.o)
 .debug_ranges  0x00000040       0x28 c:/program files (x86)/atmel/avr studio 5.0/avr toolchain/bin/../lib/gcc/avr/4.5.1/../../../../avr/lib/avr5\libc.a(vfprintf_std.o)
 .debug_ranges  0x00000068       0x10 c:/program files (x86)/atmel/avr studio 5.0/avr toolchain/bin/../lib/gcc/avr/4.5.1/../../../../avr/lib/avr5\libc.a(fputc.o)
