Archive member included to satisfy reference by file (symbol)

c:/program files (x86)/atmel/studio/7.0/toolchain/avr8/avr8-gnu-toolchain/bin/../lib/gcc/avr/5.4.0/avr5\libgcc.a(_mulsi3.o)
                              adc.o (__mulsi3)
c:/program files (x86)/atmel/studio/7.0/toolchain/avr8/avr8-gnu-toolchain/bin/../lib/gcc/avr/5.4.0/avr5\libgcc.a(_udivmodqi4.o)
                              DS1307.o (__udivmodqi4)
c:/program files (x86)/atmel/studio/7.0/toolchain/avr8/avr8-gnu-toolchain/bin/../lib/gcc/avr/5.4.0/avr5\libgcc.a(_udivmodhi4.o)
                              main.o (__udivmodhi4)
c:/program files (x86)/atmel/studio/7.0/toolchain/avr8/avr8-gnu-toolchain/bin/../lib/gcc/avr/5.4.0/avr5\libgcc.a(_udivmodsi4.o)
                              adc.o (__udivmodsi4)
c:/program files (x86)/atmel/studio/7.0/toolchain/avr8/avr8-gnu-toolchain/bin/../lib/gcc/avr/5.4.0/avr5\libgcc.a(_divmodsi4.o)
                              hih6131.o (__divmodsi4)
c:/program files (x86)/atmel/studio/7.0/toolchain/avr8/avr8-gnu-toolchain/bin/../lib/gcc/avr/5.4.0/avr5\libgcc.a(_negsi2.o)
                              c:/program files (x86)/atmel/studio/7.0/toolchain/avr8/avr8-gnu-toolchain/bin/../lib/gcc/avr/5.4.0/avr5\libgcc.a(_divmodsi4.o) (__negsi2)
c:/program files (x86)/atmel/studio/7.0/toolchain/avr8/avr8-gnu-toolchain/bin/../lib/gcc/avr/5.4.0/avr5\libgcc.a(_exit.o)
                              C:/Program Files (x86)/Atmel/Studio/7.0/Packs/atmel/ATmega_DFP/1.3.300/gcc/dev/atmega644p/avr5/crtatmega644p.o (exit)
c:/program files (x86)/atmel/studio/7.0/toolchain/avr8/avr8-gnu-toolchain/bin/../lib/gcc/avr/5.4.0/avr5\libgcc.a(_copy_data.o)
                              i2clcd.o (__do_copy_data)
c:/program files (x86)/atmel/studio/7.0/toolchain/avr8/avr8-gnu-toolchain/bin/../lib/gcc/avr/5.4.0/avr5\libgcc.a(_clear_bss.o)
                              adc.o (__do_clear_bss)
c:/program files (x86)/atmel/studio/7.0/toolchain/avr8/avr8-gnu-toolchain/bin/../lib/gcc/avr/5.4.0/avr5\libgcc.a(_umulhisi3.o)
                              main.o (__umulhisi3)
c:/program files (x86)/atmel/studio/7.0/toolchain/avr8/avr8-gnu-toolchain/bin/../lib/gcc/avr/5.4.0/avr5\libgcc.a(_usmulhisi3.o)
                              main.o (__usmulhisi3)
c:/program files (x86)/atmel/studio/7.0/toolchain/avr8/avr8-gnu-toolchain/bin/../lib/gcc/avr/5.4.0/avr5\libgcc.a(_muluhisi3.o)
                              adc.o (__muluhisi3)
c:/program files (x86)/atmel/studio/7.0/toolchain/avr8/avr8-gnu-toolchain/bin/../lib/gcc/avr/5.4.0/../../../../avr/lib/avr5\libc.a(strcpy_P.o)
                              i2clcd.o (strcpy_P)
c:/program files (x86)/atmel/studio/7.0/toolchain/avr8/avr8-gnu-toolchain/bin/../lib/gcc/avr/5.4.0/../../../../avr/lib/avr5\libc.a(memcpy.o)
                              main.o (memcpy)
c:/program files (x86)/atmel/studio/7.0/toolchain/avr8/avr8-gnu-toolchain/bin/../lib/gcc/avr/5.4.0/../../../../avr/lib/avr5\libc.a(itoa.o)
                              main.o (itoa)
c:/program files (x86)/atmel/studio/7.0/toolchain/avr8/avr8-gnu-toolchain/bin/../lib/gcc/avr/5.4.0/../../../../avr/lib/avr5\libc.a(itoa_ncheck.o)
                              c:/program files (x86)/atmel/studio/7.0/toolchain/avr8/avr8-gnu-toolchain/bin/../lib/gcc/avr/5.4.0/../../../../avr/lib/avr5\libc.a(itoa.o) (__itoa_ncheck)
c:/program files (x86)/atmel/studio/7.0/toolchain/avr8/avr8-gnu-toolchain/bin/../lib/gcc/avr/5.4.0/../../../../avr/lib/avr5\libc.a(ultoa.o)
                              main.o (ultoa)
c:/program files (x86)/atmel/studio/7.0/toolchain/avr8/avr8-gnu-toolchain/bin/../lib/gcc/avr/5.4.0/../../../../avr/lib/avr5\libc.a(ultoa_ncheck.o)
                              c:/program files (x86)/atmel/studio/7.0/toolchain/avr8/avr8-gnu-toolchain/bin/../lib/gcc/avr/5.4.0/../../../../avr/lib/avr5\libc.a(ultoa.o) (__ultoa_ncheck)
c:/program files (x86)/atmel/studio/7.0/toolchain/avr8/avr8-gnu-toolchain/bin/../lib/gcc/avr/5.4.0/../../../../avr/lib/avr5\libc.a(utoa_ncheck.o)
                              c:/program files (x86)/atmel/studio/7.0/toolchain/avr8/avr8-gnu-toolchain/bin/../lib/gcc/avr/5.4.0/../../../../avr/lib/avr5\libc.a(itoa_ncheck.o) (__utoa_common)
c:/program files (x86)/atmel/studio/7.0/toolchain/avr8/avr8-gnu-toolchain/bin/../lib/gcc/avr/5.4.0/../../../../avr/lib/avr5\libc.a(sprintf.o)
                              main.o (sprintf)
c:/program files (x86)/atmel/studio/7.0/toolchain/avr8/avr8-gnu-toolchain/bin/../lib/gcc/avr/5.4.0/../../../../avr/lib/avr5\libc.a(vfprintf_std.o)
                              c:/program files (x86)/atmel/studio/7.0/toolchain/avr8/avr8-gnu-toolchain/bin/../lib/gcc/avr/5.4.0/../../../../avr/lib/avr5\libc.a(sprintf.o) (vfprintf)
c:/program files (x86)/atmel/studio/7.0/toolchain/avr8/avr8-gnu-toolchain/bin/../lib/gcc/avr/5.4.0/../../../../avr/lib/avr5\libc.a(strnlen_P.o)
[...]
Memory Configuration

Name             Origin             Length             Attributes
text             0x00000000         0x00020000         xr
data             0x00800060         0x0000ffa0         rw !x
eeprom           0x00810000         0x00010000         rw !x
fuse             0x00820000         0x00000003         rw !x
lock             0x00830000         0x00000400         rw !x
signature        0x00840000         0x00000400         rw !x
user_signatures  0x00850000         0x00000400         rw !x
*default*        0x00000000         0xffffffff

Linker script and memory map

Address of section .data set to 0x800100
LOAD C:/Program Files (x86)/Atmel/Studio/7.0/Packs/atmel/ATmega_DFP/1.3.300/gcc/dev/atmega644p/avr5/crtatmega644p.o
LOAD adc.o
LOAD DS1307.o
LOAD hih6131.o
LOAD i2clcd.o
LOAD i2cmaster.o
LOAD lcdmenu.o
LOAD LM76.o
LOAD main.o
LOAD mem-check.o
LOAD taster_timer.o
LOAD uart.o
START GROUP
LOAD c:/program files (x86)/atmel/studio/7.0/toolchain/avr8/avr8-gnu-toolchain/bin/../lib/gcc/avr/5.4.0/../../../../avr/lib/avr5\libm.a
END GROUP
                0x00000800                __stack = 0x800
START GROUP
LOAD c:/program files (x86)/atmel/studio/7.0/toolchain/avr8/avr8-gnu-toolchain/bin/../lib/gcc/avr/5.4.0/avr5\libgcc.a
LOAD c:/program files (x86)/atmel/studio/7.0/toolchain/avr8/avr8-gnu-toolchain/bin/../lib/gcc/avr/5.4.0/../../../../avr/lib/avr5\libm.a
LOAD c:/program files (x86)/atmel/studio/7.0/toolchain/avr8/avr8-gnu-toolchain/bin/../lib/gcc/avr/5.4.0/../../../../avr/lib/avr5\libc.a
LOAD C:/Program Files (x86)/Atmel/Studio/7.0/Packs/atmel/ATmega_DFP/1.3.300/gcc/dev/atmega644p/avr5\libatmega644p.a
END GROUP
                0x00000000                __TEXT_REGION_ORIGIN__ = DEFINED (__TEXT_REGION_ORIGIN__)?__TEXT_REGION_ORIGIN__:0x0
                0x00800060                __DATA_REGION_ORIGIN__ = DEFINED (__DATA_REGION_ORIGIN__)?__DATA_REGION_ORIGIN__:0x800060
                0x00020000                __TEXT_REGION_LENGTH__ = DEFINED (__TEXT_REGION_LENGTH__)?__TEXT_REGION_LENGTH__:0x20000
                0x0000ffa0                __DATA_REGION_LENGTH__ = DEFINED (__DATA_REGION_LENGTH__)?__DATA_REGION_LENGTH__:0xffa0
                0x00010000                __EEPROM_REGION_LENGTH__ = DEFINED (__EEPROM_REGION_LENGTH__)?__EEPROM_REGION_LENGTH__:0x10000
                [0x00000003]                __FUSE_REGION_LENGTH__ = DEFINED (__FUSE_REGION_LENGTH__)?__FUSE_REGION_LENGTH__:0x400
                0x00000400                __LOCK_REGION_LENGTH__ = DEFINED (__LOCK_REGION_LENGTH__)?__LOCK_REGION_LENGTH__:0x400
                0x00000400                __SIGNATURE_REGION_LENGTH__ = DEFINED (__SIGNATURE_REGION_LENGTH__)?__SIGNATURE_REGION_LENGTH__:0x400
                0x00000400                __USER_SIGNATURE_REGION_LENGTH__ = DEFINED (__USER_SIGNATURE_REGION_LENGTH__)?__USER_SIGNATURE_REGION_LENGTH__:0x400

.hash
 *(.hash)

.dynsym
 *(.dynsym)

.dynstr
 *(.dynstr)

.gnu.version
 *(.gnu.version)

.gnu.version_d
 *(.gnu.version_d)

.gnu.version_r
 *(.gnu.version_r)

.rel.init
 *(.rel.init)

.rela.init
 *(.rela.init)

.rel.text
 *(.rel.text)
 *(.rel.text.*)
 *(.rel.gnu.linkonce.t*)

.rela.text
 *(.rela.text)
 *(.rela.text.*)
 *(.rela.gnu.linkonce.t*)

.rel.fini
 *(.rel.fini)

.rela.fini
 *(.rela.fini)

.rel.rodata
 *(.rel.rodata)
 *(.rel.rodata.*)
 *(.rel.gnu.linkonce.r*)

.rela.rodata
 *(.rela.rodata)
 *(.rela.rodata.*)
 *(.rela.gnu.linkonce.r*)

.rel.data
 *(.rel.data)
 *(.rel.data.*)
 *(.rel.gnu.linkonce.d*)

.rela.data
 *(.rela.data)
 *(.rela.data.*)
 *(.rela.gnu.linkonce.d*)

.rel.ctors
 *(.rel.ctors)

.rela.ctors
 *(.rela.ctors)

.rel.dtors
 *(.rel.dtors)

.rela.dtors
 *(.rela.dtors)

.rel.got
 *(.rel.got)

.rela.got
 *(.rela.got)

.rel.bss
 *(.rel.bss)

.rela.bss
 *(.rela.bss)

.rel.plt
 *(.rel.plt)

.rela.plt
 *(.rela.plt)

.text           0x00000000     0x3686
 *(.vectors)
 .vectors       0x00000000       0x7c C:/Program Files (x86)/Atmel/Studio/7.0/Packs/atmel/ATmega_DFP/1.3.300/gcc/dev/atmega644p/avr5/crtatmega644p.o
                0x00000000                __vector_default
                0x00000000                __vectors
 *(.vectors)
 *(.progmem.gcc*)
                0x0000007c                . = ALIGN (0x2)
                0x0000007c                __trampolines_start = .
 *(.trampolines)
 .trampolines   0x0000007c        0x0 linker stubs
 *(.trampolines*)
                0x0000007c                __trampolines_end = .
 *libprintf_flt.a:*(.progmem.data)
 *libc.a:*(.progmem.data)
 *(.progmem*)
 .progmem.data.str46
                0x0000007c       0x10 lcdmenu.o
                0x0000007c                str46
 .progmem.data.str45
                0x0000008c       0x10 lcdmenu.o
                0x0000008c                str45
 .progmem.data.str44
                0x0000009c       0x10 lcdmenu.o
                0x0000009c                str44
 .progmem.data.str43
                0x000000ac       0x10 lcdmenu.o
                0x000000ac                str43
 .progmem.data.str42
                0x000000bc       0x10 lcdmenu.o
                0x000000bc                str42
 .progmem.data.str41
                0x000000cc       0x12 lcdmenu.o
                0x000000cc                str41
 .progmem.data.str40
                0x000000de       0x12 lcdmenu.o
                0x000000de                str40
 .progmem.data.str34
                0x000000f0       0x12 lcdmenu.o
                0x000000f0                str34
 .progmem.data.str33
                0x00000102        0xb lcdmenu.o
                0x00000102                str33
 .progmem.data.str32
                0x0000010d        0xb lcdmenu.o
                0x0000010d                str32
 .progmem.data.str31
                0x00000118        0xe lcdmenu.o
                0x00000118                str31
 .progmem.data.str30
                0x00000126        0xe lcdmenu.o
                0x00000126                str30
 .progmem.data.str21
                0x00000134       0x11 lcdmenu.o
                0x00000134                str21
 .progmem.data.str20
                0x00000145       0x10 lcdmenu.o
                0x00000145                str20
 .progmem.data.str13
                0x00000155        0xb lcdmenu.o
                0x00000155                str13
 .progmem.data.str12
                0x00000160        0xc lcdmenu.o
                0x00000160                str12
 .progmem.data.str11
                0x0000016c        0xb lcdmenu.o
                0x0000016c                str11
 .progmem.data.str10
                0x00000177       0x10 lcdmenu.o
                0x00000177                str10
 .progmem.data.str5
                0x00000187        0xe lcdmenu.o
                0x00000187                str5
 .progmem.data.str4
                0x00000195        0xe lcdmenu.o
                0x00000195                str4
 .progmem.data.str3
                0x000001a3        0xe lcdmenu.o
                0x000001a3                str3
 .progmem.data.str2
                0x000001b1        0xe lcdmenu.o
                0x000001b1                str2
 .progmem.data.str1
                0x000001bf        0xe lcdmenu.o
                0x000001bf                str1
 .progmem.data.str0
                0x000001cd        0xd lcdmenu.o
                0x000001cd                str0
 .progmem.data.__c.2818
                0x000001da        0x8 main.o
 .progmem.data.__c.2816
                0x000001e2        0x8 main.o
 .progmem.data.__c.2814
                0x000001ea        0x6 main.o
 .progmem.data.__c.2812
                0x000001f0        0x6 main.o
 .progmem.data.__c.2805
                0x000001f6        0x8 main.o
 .progmem.data.__c.2803
                0x000001fe       0x11 main.o
 .progmem.data.__c.2801
                0x0000020f        0xe main.o
 .progmem.data.__c.2799
                0x0000021d        0xc main.o
 .progmem.data.__c.2791
                0x00000229        0xb main.o
 .progmem.data.__c.2789
                0x00000234       0x15 main.o
 .progmem.data.__c.2784
                0x00000249       0x2b main.o
 .progmem.data.__c.2779
                0x00000274       0x2a main.o
 .progmem.data.__c.2767
                0x0000029e        0xd main.o
 .progmem.data.__c.2762
                0x000002ab        0xd main.o
 .progmem.data.__c.2757
                0x000002b8        0xd main.o
 .progmem.data.__c.2752
                0x000002c5        0xd main.o
 .progmem.data.__c.2747
                0x000002d2        0xd main.o
 .progmem.data.__c.2742
                0x000002df       0x1f main.o
 .progmem.data.__c.2737
                0x000002fe       0x27 main.o
 .progmem.data.__c.2732
                0x00000325       0x27 main.o
 .progmem.data.__c.2727
                0x0000034c       0x1d main.o
 .progmem.data.__c.2722
                0x00000369       0x1d main.o
 .progmem.data.__c.2713
                0x00000386        0xb main.o
 .progmem.data.__c.2715
                0x00000391        0xb main.o
 .progmem.data.__c.2717
                0x0000039c        0xb main.o
 .progmem.data.__c.2711
                0x000003a7       0x14 main.o
 .progmem.data.__c.2702
                0x000003bb        0xd main.o
 .progmem.data.__c.2704
                0x000003c8        0xd main.o
 .progmem.data.__c.2706
                0x000003d5        0xb main.o
 .progmem.data.__c.2700
                0x000003e0       0x14 main.o
 .progmem.data.__c.2691
                0x000003f4        0xc main.o
 .progmem.data.__c.2693
                0x00000400        0xc main.o
 .progmem.data.__c.2695
                0x0000040c        0xb main.o
 .progmem.data.__c.2689
                0x00000417       0x14 main.o
 .progmem.data.alarm_strings
                0x0000042b       0x3f main.o
                0x0000042b                alarm_strings
 .progmem.data.LM76_NAME
                0x0000046a        0x9 main.o
                0x0000046a                LM76_NAME
 .progmem.data.wochentagname
                0x00000473       0x18 main.o
                0x00000473                wochentagname
                0x0000048c                . = ALIGN (0x2)
 *fill*         0x0000048b        0x1 
 *(.jumptables)
 *(.jumptables*)
 *(.lowtext)
 *(.lowtext*)
                0x0000048c                __ctors_start = .
 *(.ctors)
                0x0000048c                __ctors_end = .
                0x0000048c                __dtors_start = .
 *(.dtors)
                0x0000048c                __dtors_end = .
 SORT(*)(.ctors)
 SORT(*)(.dtors)
 *(.init0)
 .init0         0x0000048c        0x0 C:/Program Files (x86)/Atmel/Studio/7.0/Packs/atmel/ATmega_DFP/1.3.300/gcc/dev/atmega644p/avr5/crtatmega644p.o
                0x0000048c                __init
 *(.init0)
 *(.init1)
 *(.init1)
 *(.init2)
 .init2         0x0000048c        0xc C:/Program Files (x86)/Atmel/Studio/7.0/Packs/atmel/ATmega_DFP/1.3.300/gcc/dev/atmega644p/avr5/crtatmega644p.o
 *(.init2)
 *(.init3)
 .init3         0x00000498       0x10 mem-check.o
                0x00000498                init_mem
 *(.init3)
 *(.init4)
 .init4         0x000004a8       0x16 c:/program files (x86)/atmel/studio/7.0/toolchain/avr8/avr8-gnu-toolchain/bin/../lib/gcc/avr/5.4.0/avr5\libgcc.a(_copy_data.o)
                0x000004a8                __do_copy_data
 .init4         0x000004be       0x10 c:/program files (x86)/atmel/studio/7.0/toolchain/avr8/avr8-gnu-toolchain/bin/../lib/gcc/avr/5.4.0/avr5\libgcc.a(_clear_bss.o)
                0x000004be                __do_clear_bss
 *(.init4)
 *(.init5)
 *(.init5)
 *(.init6)
 *(.init6)
 *(.init7)
 *(.init7)
 *(.init8)
 *(.init8)
 *(.init9)
 .init9         0x000004ce        0x8 C:/Program Files (x86)/Atmel/Studio/7.0/Packs/atmel/ATmega_DFP/1.3.300/gcc/dev/atmega644p/avr5/crtatmega644p.o
 *(.init9)
 *(.text)
 .text          0x000004d6        0x4 C:/Program Files (x86)/Atmel/Studio/7.0/Packs/atmel/ATmega_DFP/1.3.300/gcc/dev/atmega644p/avr5/crtatmega644p.o
                0x000004d6                __vector_1
                0x000004d6                __vector_24
                0x000004d6                __vector_12
                0x000004d6                __bad_interrupt
                0x000004d6                __vector_6
                0x000004d6                __vector_3
                0x000004d6                __vector_23
                0x000004d6                __vector_25
                0x000004d6                __vector_11
                0x000004d6                __vector_13
                0x000004d6                __vector_17
                0x000004d6                __vector_19
                0x000004d6                __vector_7
                0x000004d6                __vector_27
                0x000004d6                __vector_5
                0x000004d6                __vector_4
                0x000004d6                __vector_9
                0x000004d6                __vector_2
                0x000004d6                __vector_21
                0x000004d6                __vector_15
                0x000004d6                __vector_29
                0x000004d6                __vector_8
                0x000004d6                __vector_26
                0x000004d6                __vector_14
                0x000004d6                __vector_10
                0x000004d6                __vector_16
                0x000004da                . = ALIGN (0x2)
 *(.text.*)
 .text.ds_1307_init
                0x000004da       0x4a DS1307.o
                0x000004da                ds_1307_init
 .text.get_ds1307_zeit_datum
                0x00000524       0xe8 DS1307.o
                0x00000524                get_ds1307_zeit_datum
 .text.set_ds1307_zeit
                0x0000060c       0x84 DS1307.o
                0x0000060c                set_ds1307_zeit
 .text.set_ds1307_datum
                0x00000690       0x84 DS1307.o
                0x00000690                set_ds1307_datum
 .text.get_hih6131_data
                0x00000714       0xec hih6131.o
                0x00000714                get_hih6131_data
 .text.lcd_write_i2c
                0x00000800       0x2a i2clcd.o
                0x00000800                lcd_write_i2c
 .text.lcd_write
                0x0000082a       0x1a i2clcd.o
                0x0000082a                lcd_write
 .text.lcd_putchar
                0x00000844       0x1a i2clcd.o
                0x00000844                lcd_putchar
 .text.lcd_print_progmem
                0x0000085e       0x2a i2clcd.o
                0x0000085e                lcd_print_progmem
 .text.lcd_print
                0x00000888       0x26 i2clcd.o
                0x00000888                lcd_print
 .text.lcd_gotolr
                0x000008ae       0x4e i2clcd.o
                0x000008ae                lcd_gotolr
 .text.lcd_putcharlr
                0x000008fc       0x1e i2clcd.o
                0x000008fc                lcd_putcharlr
 .text.lcd_printlc
                0x0000091a       0x44 i2clcd.o
                0x0000091a                lcd_printlc
 .text.lcd_printlrc
                0x0000095e       0x4c i2clcd.o
                0x0000095e                lcd_printlrc
 .text.lcd_printlr
                0x000009aa       0x22 i2clcd.o
                0x000009aa                lcd_printlr
 .text.lcd_wait_us
                0x000009cc       0x1c i2clcd.o
                0x000009cc                lcd_wait_us
 .text.lcd_wait_ms
                0x000009e8       0x1c i2clcd.o
                0x000009e8                lcd_wait_ms
 .text.lcd_command
                0x00000a04       0x1e i2clcd.o
                0x00000a04                lcd_command
 .text.lcd_init
                0x00000a22       0x4e i2clcd.o
                0x00000a22                lcd_init
 .text.lcd_backlight
                0x00000a70        0xa i2clcd.o
                0x00000a70                lcd_backlight
 .text.i2c_init
                0x00000a7a        0xc i2cmaster.o
                0x00000a7a                i2c_init
 .text.i2c_start
                0x00000a86       0x44 i2cmaster.o
                0x00000a86                i2c_start
 .text.i2c_start_wait
                0x00000aca       0x4e i2cmaster.o
                0x00000aca                i2c_start_wait
 .text.i2c_rep_start
                0x00000b18        0x4 i2cmaster.o
                0x00000b18                i2c_rep_start
 .text.i2c_stop
                0x00000b1c       0x10 i2cmaster.o
                0x00000b1c                i2c_stop
 .text.i2c_write
                0x00000b2c       0x22 i2cmaster.o
                0x00000b2c                i2c_write
 .text.i2c_readAck
                0x00000b4e       0x14 i2cmaster.o
                0x00000b4e                i2c_readAck
 .text.i2c_readNak
                0x00000b62       0x14 i2cmaster.o
                0x00000b62                i2c_readNak
 .text.init_menu
                0x00000b76       0x7e lcdmenu.o
                0x00000b76                init_menu
 .text.menu     0x00000bf4      0x114 lcdmenu.o
                0x00000bf4                menu
 .text.displayMenu
                0x00000d08       0x86 lcdmenu.o
                0x00000d08                displayMenu
 .text.get_lm76_temperatur
                0x00000d8e       0x5a LM76.o
                0x00000d8e                get_lm76_temperatur
 .text.timer_init
                0x00000de8       0x22 main.o
                0x00000de8                timer_init
 .text.init_ports
                0x00000e0a       0x10 main.o
                0x00000e0a                init_ports
 .text.temperatur_to_string
                0x00000e1a       0xd2 main.o
                0x00000e1a                temperatur_to_string
 .text.menue_zeiten_einstellen
                0x00000eec      0x22c main.o
                0x00000eec                menue_zeiten_einstellen
 .text.menue_datum_einstellen
                0x00001118      0x286 main.o
                0x00001118                menue_datum_einstellen
 .text.menue_temperatur_offset
                0x0000139e      0x182 main.o
                0x0000139e                menue_temperatur_offset
 .text.menue_schalttemperaturen_einstellen
                0x00001520      0x28e main.o
                0x00001520                menue_schalttemperaturen_einstellen
 .text.funkt_menu_temperatur_offet
                0x000017ae       0x3e main.o
                0x000017ae                funkt_menu_temperatur_offet
 .text.funkt_menu_heizer
                0x000017ec       0x72 main.o
                0x000017ec                funkt_menu_heizer
 .text.funkt_menu_luefter
                0x0000185e       0x72 main.o
                0x0000185e                funkt_menu_luefter
 .text.funkt_menu_alarm
                0x000018d0       0x72 main.o
                0x000018d0                funkt_menu_alarm
 .text.funkt_menu_datum
                0x00001942       0x24 main.o
                0x00001942                funkt_menu_datum
 .text.funkt_menu_uhr
                0x00001966       0x28 main.o
                0x00001966                funkt_menu_uhr
 .text.funkt_menu_lampe_ein
                0x0000198e       0x28 main.o
                0x0000198e                funkt_menu_lampe_ein
 .text.funkt_menu_lampe_aus
                0x000019b6       0x28 main.o
                0x000019b6                funkt_menu_lampe_aus
 .text.funkt_menu_regenpumpe_einzeit
                0x000019de       0x28 main.o
                0x000019de                funkt_menu_regenpumpe_einzeit
 .text.funkt_menu_regenzeit1
                0x00001a06       0x28 main.o
                0x00001a06                funkt_menu_regenzeit1
 .text.funkt_menu_regenzeit2
                0x00001a2e       0x28 main.o
                0x00001a2e                funkt_menu_regenzeit2
 .text.funkt_menu_regenzeit3
                0x00001a56       0x28 main.o
                0x00001a56                funkt_menu_regenzeit3
 .text.funkt_menu_regenzeit4
                0x00001a7e       0x28 main.o
                0x00001a7e                funkt_menu_regenzeit4
 .text.funkt_menu_regenzeit5
                0x00001aa6       0x28 main.o
                0x00001aa6                funkt_menu_regenzeit5
 .text.funkt_menu_regenzeitzaehler
                0x00001ace      0x136 main.o
                0x00001ace                funkt_menu_regenzeitzaehler
 .text.funkt_menu_mondlicht_ein
                0x00001c04       0x28 main.o
                0x00001c04                funkt_menu_mondlicht_ein
 .text.funkt_menu_mondlicht_aus
                0x00001c2c       0x2e main.o
                0x00001c2c                funkt_menu_mondlicht_aus
 .text.funkt_menu_about
                0x00001c5a       0x6e main.o
                0x00001c5a                funkt_menu_about
 .text.funkt_menu_max_werte
                0x00001cc8      0x222 main.o
                0x00001cc8                funkt_menu_max_werte
 .text.vergleiche_temperaturen
                0x00001eea       0x2a main.o
                0x00001eea                vergleiche_temperaturen
 .text.vergleiche_zeiten
                0x00001f14      0x124 main.o
                0x00001f14                vergleiche_zeiten
 .text.temperatuen_schalten
                0x00002038       0xb8 main.o
                0x00002038                temperatuen_schalten
 .text.regenpumpe_aktivieren
                0x000020f0       0x82 main.o
                0x000020f0                regenpumpe_aktivieren
 .text.lampen_schalten
                0x00002172       0x96 main.o
                0x00002172                lampen_schalten
 .text.read_eeprom_daten
                0x00002208       0xca main.o
                0x00002208                read_eeprom_daten
 .text.mondlicht_dimmer
                0x000022d2       0x1a main.o
                0x000022d2                mondlicht_dimmer
 .text.menu_mondlicht_helligkeit_einstellen
                0x000022ec      0x154 main.o
                0x000022ec                menu_mondlicht_helligkeit_einstellen
 .text.funkt_menu_mondlicht_helligkeit
                0x00002440       0x44 main.o
                0x00002440                funkt_menu_mondlicht_helligkeit
 .text.ausgaenge_ansteuern
                0x00002484      0x166 main.o
                0x00002484                ausgaenge_ansteuern
 .text.reset_tageswerte
                0x000025ea       0x94 main.o
                0x000025ea                reset_tageswerte
 .text.main_anzeige
                0x0000267e      0x23e main.o
                0x0000267e                main_anzeige
 .text.startup.main
                0x000028bc      0x334 main.o
                0x000028bc                main
 .text.__vector_18
                0x00002bf0      0x110 taster_timer.o
                0x00002bf0                __vector_18
 .text.get_key_press
                0x00002d00       0x16 taster_timer.o
                0x00002d00                get_key_press
 .text.get_key_rpt
                0x00002d16       0x16 taster_timer.o
                0x00002d16                get_key_rpt
 .text.get_key_short
                0x00002d2c        0xe taster_timer.o
                0x00002d2c                get_key_short
 .text.init_taster
                0x00002d3a       0x1c taster_timer.o
                0x00002d3a                init_taster
 .text.__vector_20
                0x00002d56       0x56 uart.o
                0x00002d56                __vector_20
 .text.__vector_22
                0x00002dac       0x54 uart.o
                0x00002dac                __vector_22
 .text.__vector_28
                0x00002e00       0x56 uart.o
                0x00002e00                __vector_28
 .text.__vector_30
                0x00002e56       0x54 uart.o
                0x00002e56                __vector_30
 .text.libgcc.div
                0x00002eaa       0x18 c:/program files (x86)/atmel/studio/7.0/toolchain/avr8/avr8-gnu-toolchain/bin/../lib/gcc/avr/5.4.0/avr5\libgcc.a(_udivmodqi4.o)
                0x00002eaa                __udivmodqi4
 .text.libgcc.div
                0x00002ec2       0x28 c:/program files (x86)/atmel/studio/7.0/toolchain/avr8/avr8-gnu-toolchain/bin/../lib/gcc/avr/5.4.0/avr5\libgcc.a(_udivmodhi4.o)
                0x00002ec2                __udivmodhi4
 .text.libgcc.div
                0x00002eea       0x44 c:/program files (x86)/atmel/studio/7.0/toolchain/avr8/avr8-gnu-toolchain/bin/../lib/gcc/avr/5.4.0/avr5\libgcc.a(_udivmodsi4.o)
                0x00002eea                __udivmodsi4
 .text.libgcc.div
                0x00002f2e       0x2e c:/program files (x86)/atmel/studio/7.0/toolchain/avr8/avr8-gnu-toolchain/bin/../lib/gcc/avr/5.4.0/avr5\libgcc.a(_divmodsi4.o)
                0x00002f2e                __divmodsi4
 .text.libgcc.div
                0x00002f5c       0x10 c:/program files (x86)/atmel/studio/7.0/toolchain/avr8/avr8-gnu-toolchain/bin/../lib/gcc/avr/5.4.0/avr5\libgcc.a(_negsi2.o)
                0x00002f5c                __negsi2
 .text.libgcc.mul
                0x00002f6c       0x1e c:/program files (x86)/atmel/studio/7.0/toolchain/avr8/avr8-gnu-toolchain/bin/../lib/gcc/avr/5.4.0/avr5\libgcc.a(_umulhisi3.o)
                0x00002f6c                __umulhisi3
 .text.libgcc.mul
                0x00002f8a        0xe c:/program files (x86)/atmel/studio/7.0/toolchain/avr8/avr8-gnu-toolchain/bin/../lib/gcc/avr/5.4.0/avr5\libgcc.a(_usmulhisi3.o)
                0x00002f8a                __usmulhisi3
                0x00002f8e                __usmulhisi3_tail
 .text.libgcc.mul
                0x00002f98       0x16 c:/program files (x86)/atmel/studio/7.0/toolchain/avr8/avr8-gnu-toolchain/bin/../lib/gcc/avr/5.4.0/avr5\libgcc.a(_muluhisi3.o)
                0x00002f98                __muluhisi3
 .text.avr-libc
                0x00002fae        0xe c:/program files (x86)/atmel/studio/7.0/toolchain/avr8/avr8-gnu-toolchain/bin/../lib/gcc/avr/5.4.0/../../../../avr/lib/avr5\libc.a(strcpy_P.o)
                0x00002fae                strcpy_P
 .text.avr-libc
                0x00002fbc       0x12 c:/program files (x86)/atmel/studio/7.0/toolchain/avr8/avr8-gnu-toolchain/bin/../lib/gcc/avr/5.4.0/../../../../avr/lib/avr5\libc.a(memcpy.o)
                0x00002fbc                memcpy
 .text.avr-libc
                0x00002fce       0x16 c:/program files (x86)/atmel/studio/7.0/toolchain/avr8/avr8-gnu-toolchain/bin/../lib/gcc/avr/5.4.0/../../../../avr/lib/avr5\libc.a(itoa.o)
                0x00002fce                __itoa
                0x00002fce                itoa
 .text.avr-libc
                0x00002fe4       0x16 c:/program files (x86)/atmel/studio/7.0/toolchain/avr8/avr8-gnu-toolchain/bin/../lib/gcc/avr/5.4.0/../../../../avr/lib/avr5\libc.a(itoa_ncheck.o)
                0x00002fe4                __itoa_ncheck
 .text.avr-libc
                0x00002ffa       0x34 c:/program files (x86)/atmel/studio/7.0/toolchain/avr8/avr8-gnu-toolchain/bin/../lib/gcc/avr/5.4.0/../../../../avr/lib/avr5\libc.a(utoa_ncheck.o)
                0x00002ffa                __utoa_ncheck
                0x00002ffc                __utoa_common
 .text.avr-libc
                0x0000302e       0x44 c:/program files (x86)/atmel/studio/7.0/toolchain/avr8/avr8-gnu-toolchain/bin/../lib/gcc/avr/5.4.0/../../../../avr/lib/avr5\libc.a(sprintf.o)
                0x0000302e                sprintf
 .text.avr-libc
                0x00003072      0x3c2 c:/program files (x86)/atmel/studio/7.0/toolchain/avr8/avr8-gnu-toolchain/bin/../lib/gcc/avr/5.4.0/../../../../avr/lib/avr5\libc.a(vfprintf_std.o)
                0x00003072                vfprintf
 .text.avr-libc
                0x00003434       0x16 c:/program files (x86)/atmel/studio/7.0/toolchain/avr8/avr8-gnu-toolchain/bin/../lib/gcc/avr/5.4.0/../../../../avr/lib/avr5\libc.a(strnlen_P.o)
                0x00003434                strnlen_P
 .text.avr-libc
                0x0000344a       0x16 c:/program files (x86)/atmel/studio/7.0/toolchain/avr8/avr8-gnu-toolchain/bin/../lib/gcc/avr/5.4.0/../../../../avr/lib/avr5\libc.a(strnlen.o)
                0x0000344a                strnlen
 .text.avr-libc
                0x00003460       0x20 c:/program files (x86)/atmel/studio/7.0/toolchain/avr8/avr8-gnu-toolchain/bin/../lib/gcc/avr/5.4.0/../../../../avr/lib/avr5\libc.a(strrev.o)
                0x00003460                strrev
 .text.avr-libc
                0x00003480       0x78 c:/program files (x86)/atmel/studio/7.0/toolchain/avr8/avr8-gnu-toolchain/bin/../lib/gcc/avr/5.4.0/../../../../avr/lib/avr5\libc.a(fputc.o)
                0x00003480                fputc
 .text.avr-libc
                0x000034f8       0xbc c:/program files (x86)/atmel/studio/7.0/toolchain/avr8/avr8-gnu-toolchain/bin/../lib/gcc/avr/5.4.0/../../../../avr/lib/avr5\libc.a(ultoa_invert.o)
                0x000034f8                __ultoa_invert
 .text.avr-libc
                0x000035b4       0x20 C:/Program Files (x86)/Atmel/Studio/7.0/Packs/atmel/ATmega_DFP/1.3.300/gcc/dev/atmega644p/avr5\libatmega644p.a(eerd_block.o)
                0x000035b4                eeprom_read_block
                0x000035b8                eeprom_read_blraw
 .text.avr-libc
                0x000035d4       0x10 C:/Program Files (x86)/Atmel/Studio/7.0/Packs/atmel/ATmega_DFP/1.3.300/gcc/dev/atmega644p/avr5\libatmega644p.a(eerd_byte.o)
                0x000035d4                eeprom_read_byte
 .text.avr-libc
                0x000035e4       0x14 C:/Program Files (x86)/Atmel/Studio/7.0/Packs/atmel/ATmega_DFP/1.3.300/gcc/dev/atmega644p/avr5\libatmega644p.a(eewr_block.o)
                0x000035e4                eeprom_write_block
 .text.avr-libc
                0x000035f8       0x1c C:/Program Files (x86)/Atmel/Studio/7.0/Packs/atmel/ATmega_DFP/1.3.300/gcc/dev/atmega644p/avr5\libatmega644p.a(eewr_byte.o)
                0x000035f8                eeprom_write_byte
                0x000035fa                eeprom_write_r18
 .text.libgcc.prologue
                0x00003614       0x38 c:/program files (x86)/atmel/studio/7.0/toolchain/avr8/avr8-gnu-toolchain/bin/../lib/gcc/avr/5.4.0/avr5\libgcc.a(_prologue.o)
                0x00003614                __prologue_saves__
 .text.libgcc.prologue
                0x0000364c       0x36 c:/program files (x86)/atmel/studio/7.0/toolchain/avr8/avr8-gnu-toolchain/bin/../lib/gcc/avr/5.4.0/avr5\libgcc.a(_epilogue.o)
                0x0000364c                __epilogue_restores__
                0x00003682                . = ALIGN (0x2)
 *(.fini9)
 .fini9         0x00003682        0x0 c:/program files (x86)/atmel/studio/7.0/toolchain/avr8/avr8-gnu-toolchain/bin/../lib/gcc/avr/5.4.0/avr5\libgcc.a(_exit.o)
                0x00003682                _exit
                0x00003682                exit
 *(.fini9)
 *(.fini8)
 *(.fini8)
 *(.fini7)
 *(.fini7)
 *(.fini6)
 *(.fini6)
 *(.fini5)
 *(.fini5)
 *(.fini4)
 *(.fini4)
 *(.fini3)
 *(.fini3)
 *(.fini2)
 *(.fini2)
 *(.fini1)
 *(.fini1)
 *(.fini0)
 .fini0         0x00003682        0x4 c:/program files (x86)/atmel/studio/7.0/toolchain/avr8/avr8-gnu-toolchain/bin/../lib/gcc/avr/5.4.0/avr5\libgcc.a(_exit.o)
 *(.fini0)
                0x00003686                _etext = .

.data           0x00800100      0x1d4 load address 0x00003686
                0x00800100                PROVIDE (__data_start, .)
 *(.data)
 *(.data*)
 .data.backlight
                0x00800100        0x2 i2clcd.o
                0x00800100                backlight
 .data.MainMenu
                0x00800102       0x42 lcdmenu.o
                0x00800102                MainMenu
 .data.Menu4    0x00800144       0x4d lcdmenu.o
                0x00800144                Menu4
 .data.Menu3    0x00800191       0x37 lcdmenu.o
                0x00800191                Menu3
 .data.Menu2    0x008001c8       0x16 lcdmenu.o
                0x008001c8                Menu2
 .data.Menu1    0x008001de       0x2c lcdmenu.o
                0x008001de                Menu1
 *(.gnu.linkonce.d*)
 *(.rodata)
 *(.rodata*)
 .rodata.str1.1
                0x0080020a       0xc6 main.o
                                 0xd7 (size before relaxing)
 .rodata.LM76_ADRESS
                0x008002d0        0x3 main.o
                0x008002d0                LM76_ADRESS
 *(.gnu.linkonce.r*)
                0x008002d4                . = ALIGN (0x2)
 *fill*         0x008002d3        0x1 
                0x008002d4                _edata = .
                0x008002d4                PROVIDE (__data_end, .)

.bss            0x008002d4      0x1be
                0x008002d4                PROVIDE (__bss_start, .)
 *(.bss)
 *(.bss*)
 .bss.TextBuffer
                0x008002d4       0x14 i2clcd.o
 .bss.ui_MenuDepth
                0x008002e8        0x1 lcdmenu.o
                0x008002e8                ui_MenuDepth
 .bss.ui_State  0x008002e9        0x4 lcdmenu.o
                0x008002e9                ui_State
 .bss.alter_tag.2900
                0x008002ed        0x1 main.o
 .bss.lichtaus.2536
                0x008002ee        0x1 main.o
 .bss.alarm_vektor
                0x008002ef        0x1 main.o
                0x008002ef                alarm_vektor
 .bss.regenzeitenanzahl
                0x008002f0        0x1 main.o
                0x008002f0                regenzeitenanzahl
 .bss.mondlicht_helligkeit
                0x008002f1        0x1 main.o
                0x008002f1                mondlicht_helligkeit
 .bss.hih_temperatur
                0x008002f2        0x2 main.o
                0x008002f2                hih_temperatur
 .bss.huminity  0x008002f4        0x2 main.o
                0x008002f4                huminity
 .bss.temperatur
                0x008002f6        0x6 main.o
                0x008002f6                temperatur
 .bss.temperatur_offset
                0x008002fc        0x3 main.o
                0x008002fc                temperatur_offset
 .bss.messcounter2.1629
                0x008002ff        0x1 taster_timer.o
 .bss.messcounter1.1628
                0x00800300        0x1 taster_timer.o
 .bss.rpt.1627  0x00800301        0x1 taster_timer.o
 .bss.ct1.1626  0x00800302        0x1 taster_timer.o
 .bss.ct0.1625  0x00800303        0x1 taster_timer.o
 .bss.UART1_LastRxError
                0x00800304        0x1 uart.o
 .bss.UART1_RxTail
                0x00800305        0x1 uart.o
 .bss.UART1_RxHead
                0x00800306        0x1 uart.o
 .bss.UART1_TxTail
                0x00800307        0x1 uart.o
 .bss.UART1_TxHead
                0x00800308        0x1 uart.o
 .bss.UART1_RxBuf
                0x00800309       0x20 uart.o
 .bss.UART1_TxBuf
                0x00800329       0x20 uart.o
 .bss.UART_LastRxError
                0x00800349        0x1 uart.o
 .bss.UART_RxTail
                0x0080034a        0x1 uart.o
 .bss.UART_RxHead
                0x0080034b        0x1 uart.o
 .bss.UART_TxTail
                0x0080034c        0x1 uart.o
 .bss.UART_TxHead
                0x0080034d        0x1 uart.o
 .bss.UART_RxBuf
                0x0080034e       0x20 uart.o
 .bss.UART_TxBuf
                0x0080036e       0x20 uart.o
 *(COMMON)
 COMMON         0x0080038e       0x16 adc.o
                0x0080038e                phwert_referenzen
 COMMON         0x008003a4        0xd lcdmenu.o
                0x008003a4                timer_counter
                0x008003a8                ui_TopMenu
                0x008003aa                messflag_1s
                0x008003ab                key_rpt
                0x008003ac                ui_ActualMenu
                0x008003ae                key_press
                0x008003af                messflag_05s
                0x008003b0                key_state
 COMMON         0x008003b1       0xe1 main.o
                0x008003b1                luefter
                0x008003b7                anzeigetext
                0x008003e1                heizer
                0x008003e7                zeit
                0x008003ee                alarm
                0x008003f4                extrem_temperatur
                0x00800408                i
                0x00800409                anzeigetext1
                0x0080041f                lampe_off
                0x00800426                lampe_on
                0x0080042d                mem
                0x0080042f                anzeigetext2
                0x00800445                ml_on
                0x0080044c                ml_off
                0x00800453                extrem_huminity
                0x00800467                regenzeit
                0x0080048a                regenpumpe_einzeit
                0x00800491                zustandsbit
                0x00800492                PROVIDE (__bss_end, .)
                0x00003686                __data_load_start = LOADADDR (.data)
                0x0000385a                __data_load_end = (__data_load_start + SIZEOF (.data))

.noinit         0x00800492        0x0
                [!provide]                PROVIDE (__noinit_start, .)
 *(.noinit*)
                [!provide]                PROVIDE (__noinit_end, .)
                0x00800492                _end = .
                0x00800492                PROVIDE (__heap_start, .)

.eeprom         0x00810000       0x79
 *(.eeprom*)
 .eeprom        0x00810000       0x79 main.o
                0x00810000                regenzeitenanzahl_eeprom
                0x00810001                regenzeit_eeprom
                0x00810024                regenpumpe_einzeit_eeprom
                0x0081002b                ml_off_eeprom
                0x00810032                ml_on_eeprom
                0x00810039                lampe_off_eeprom
                0x00810040                lampe_on_eeprom
                0x00810047                phwert_referenzen_eeprom
                0x0081005d                ph_schalt_werte_eeprom
                0x00810063                luefter_eeprom
                0x00810069                heizer_eeprom
                0x0081006f                alarm_eeprom
                0x00810075                mondlicht_helligkeit_eeprom
                0x00810076                temperatur_offset_eeprom
                0x00810079                __eeprom_end = .

.fuse
 *(.fuse)
 *(.lfuse)
 *(.hfuse)
 *(.efuse)

.lock
 *(.lock*)

.signature
 *(.signature*)

.user_signatures
 *(.user_signatures*)

.stab
 *(.stab)

.stabstr
 *(.stabstr)

.stab.excl
 *(.stab.excl)

.stab.exclstr
 *(.stab.exclstr)

.stab.index
 *(.stab.index)

.stab.indexstr
 *(.stab.indexstr)

.comment        0x00000000       0x5c
 *(.comment)
 .comment       0x00000000       0x30 adc.o
                                 0x31 (size before relaxing)
 .comment       0x00000030       0x31 DS1307.o
 .comment       0x00000030       0x31 hih6131.o
 .comment       0x00000030       0x31 i2clcd.o
 .comment       0x00000030       0x31 i2cmaster.o
 .comment       0x00000030       0x31 lcdmenu.o
 .comment       0x00000030       0x31 LM76.o
 .comment       0x00000030       0x31 main.o
 .comment       0x00000030       0x31 mem-check.o
 .comment       0x00000030       0x31 taster_timer.o
 .comment       0x00000030       0x31 uart.o
 .comment       0x00000030       0x31 c:/program files (x86)/atmel/studio/7.0/toolchain/avr8/avr8-gnu-toolchain/bin/../lib/gcc/avr/5.4.0/../../../../avr/lib/avr5\libc.a(sprintf.o)
 .comment       0x00000030       0x2c c:/program files (x86)/atmel/studio/7.0/toolchain/avr8/avr8-gnu-toolchain/bin/../lib/gcc/avr/5.4.0/../../../../avr/lib/avr5\libc.a(vfprintf_std.o)
                                 0x2d (size before relaxing)
 .comment       0x0000005c       0x31 c:/program files (x86)/atmel/studio/7.0/toolchain/avr8/avr8-gnu-toolchain/bin/../lib/gcc/avr/5.4.0/../../../../avr/lib/avr5\libc.a(fputc.o)

.note.gnu.avr.deviceinfo
                0x00000000       0x40
 .note.gnu.avr.deviceinfo
                0x00000000       0x40 C:/Program Files (x86)/Atmel/Studio/7.0/Packs/atmel/ATmega_DFP/1.3.300/gcc/dev/atmega644p/avr5/crtatmega644p.o

.note.gnu.build-id
 *(.note.gnu.build-id)

.debug
 *(.debug)

.line
 *(.line)

.debug_srcinfo
 *(.debug_srcinfo)

.debug_sfnames
 *(.debug_sfnames)

.debug_aranges  0x00000000      0x500
 *(.debug_aranges)
 .debug_aranges
                0x00000000       0x38 adc.o
 .debug_aranges
                0x00000038       0x38 DS1307.o
 .debug_aranges
                0x00000070       0x20 hih6131.o
 .debug_aranges
                0x00000090       0xc0 i2clcd.o
 .debug_aranges
                0x00000150       0x58 i2cmaster.o
 .debug_aranges
                0x000001a8       0x30 lcdmenu.o
 .debug_aranges
                0x000001d8       0x28 LM76.o
 .debug_aranges
                0x00000200      0x188 main.o
 .debug_aranges
                0x00000388       0x28 mem-check.o
 .debug_aranges
                0x000003b0       0x48 taster_timer.o
 .debug_aranges
                0x000003f8       0x88 uart.o
 .debug_aranges
                0x00000480       0x20 C:/Program Files (x86)/Atmel/Studio/7.0/Packs/atmel/ATmega_DFP/1.3.300/gcc/dev/atmega644p/avr5\libatmega644p.a(eerd_block.o)
 .debug_aranges
                0x000004a0       0x20 C:/Program Files (x86)/Atmel/Studio/7.0/Packs/atmel/ATmega_DFP/1.3.300/gcc/dev/atmega644p/avr5\libatmega644p.a(eerd_byte.o)
 .debug_aranges
                0x000004c0       0x20 C:/Program Files (x86)/Atmel/Studio/7.0/Packs/atmel/ATmega_DFP/1.3.300/gcc/dev/atmega644p/avr5\libatmega644p.a(eewr_block.o)
 .debug_aranges
                0x000004e0       0x20 C:/Program Files (x86)/Atmel/Studio/7.0/Packs/atmel/ATmega_DFP/1.3.300/gcc/dev/atmega644p/avr5\libatmega644p.a(eewr_byte.o)

.debug_pubnames
 *(.debug_pubnames)

.debug_info     0x00000000     0x7126
 *(.debug_info .gnu.linkonce.wi.*)
 .debug_info    0x00000000      0x6cc C:/Program Files (x86)/Atmel/Studio/7.0/Packs/atmel/ATmega_DFP/1.3.300/gcc/dev/atmega644p/avr5/crtatmega644p.o
 .debug_info    0x000006cc      0x25f adc.o
 .debug_info    0x0000092b      0x41a DS1307.o
 .debug_info    0x00000d45      0x254 hih6131.o
 .debug_info    0x00000f99      0xa8f i2clcd.o
 .debug_info    0x00001a28      0x1fb i2cmaster.o
 .debug_info    0x00001c23      0x6b7 lcdmenu.o
 .debug_info    0x000022da      0x295 LM76.o
 .debug_info    0x0000256f     0x40c1 main.o
 .debug_info    0x00006630       0xcd mem-check.o
 .debug_info    0x000066fd      0x270 taster_timer.o
 .debug_info    0x0000696d      0x54f uart.o
 .debug_info    0x00006ebc       0x9b C:/Program Files (x86)/Atmel/Studio/7.0/Packs/atmel/ATmega_DFP/1.3.300/gcc/dev/atmega644p/avr5\libatmega644p.a(eerd_block.o)
 .debug_info    0x00006f57       0x9a C:/Program Files (x86)/Atmel/Studio/7.0/Packs/atmel/ATmega_DFP/1.3.300/gcc/dev/atmega644p/avr5\libatmega644p.a(eerd_byte.o)
 .debug_info    0x00006ff1       0x9b C:/Program Files (x86)/Atmel/Studio/7.0/Packs/atmel/ATmega_DFP/1.3.300/gcc/dev/atmega644p/avr5\libatmega644p.a(eewr_block.o)
 .debug_info    0x0000708c       0x9a C:/Program Files (x86)/Atmel/Studio/7.0/Packs/atmel/ATmega_DFP/1.3.300/gcc/dev/atmega644p/avr5\libatmega644p.a(eewr_byte.o)

.debug_abbrev   0x00000000     0x18b4
 *(.debug_abbrev)
 .debug_abbrev  0x00000000      0x66e C:/Program Files (x86)/Atmel/Studio/7.0/Packs/atmel/ATmega_DFP/1.3.300/gcc/dev/atmega644p/avr5/crtatmega644p.o
 .debug_abbrev  0x0000066e      0x147 adc.o
 .debug_abbrev  0x000007b5      0x11b DS1307.o
 .debug_abbrev  0x000008d0      0x13b hih6131.o
 .debug_abbrev  0x00000a0b      0x2bb i2clcd.o
 .debug_abbrev  0x00000cc6      0x150 i2cmaster.o
 .debug_abbrev  0x00000e16      0x185 lcdmenu.o
 .debug_abbrev  0x00000f9b      0x17c LM76.o
 .debug_abbrev  0x00001117      0x472 main.o
 .debug_abbrev  0x00001589       0x99 mem-check.o
 .debug_abbrev  0x00001622      0x103 taster_timer.o
 .debug_abbrev  0x00001725      0x13f uart.o
 .debug_abbrev  0x00001864       0x14 C:/Program Files (x86)/Atmel/Studio/7.0/Packs/atmel/ATmega_DFP/1.3.300/gcc/dev/atmega644p/avr5\libatmega644p.a(eerd_block.o)
 .debug_abbrev  0x00001878       0x14 C:/Program Files (x86)/Atmel/Studio/7.0/Packs/atmel/ATmega_DFP/1.3.300/gcc/dev/atmega644p/avr5\libatmega644p.a(eerd_byte.o)
 .debug_abbrev  0x0000188c       0x14 C:/Program Files (x86)/Atmel/Studio/7.0/Packs/atmel/ATmega_DFP/1.3.300/gcc/dev/atmega644p/avr5\libatmega644p.a(eewr_block.o)
 .debug_abbrev  0x000018a0       0x14 C:/Program Files (x86)/Atmel/Studio/7.0/Packs/atmel/ATmega_DFP/1.3.300/gcc/dev/atmega644p/avr5\libatmega644p.a(eewr_byte.o)

.debug_line     0x00000000     0x4839
 *(.debug_line .debug_line.* .debug_line_end)
 .debug_line    0x00000000      0x151 C:/Program Files (x86)/Atmel/Studio/7.0/Packs/atmel/ATmega_DFP/1.3.300/gcc/dev/atmega644p/avr5/crtatmega644p.o
 .debug_line    0x00000151      0x31b adc.o
 .debug_line    0x0000046c      0x473 DS1307.o
 .debug_line    0x000008df      0x32a hih6131.o
 .debug_line    0x00000c09      0x76e i2clcd.o
 .debug_line    0x00001377      0x4ca i2cmaster.o
 .debug_line    0x00001841      0x4a9 lcdmenu.o
 .debug_line    0x00001cea      0x2fb LM76.o
 .debug_line    0x00001fe5     0x1aae main.o
 .debug_line    0x00003a93      0x26c mem-check.o
 .debug_line    0x00003cff      0x39e taster_timer.o
 .debug_line    0x0000409d      0x559 uart.o
 .debug_line    0x000045f6       0xab C:/Program Files (x86)/Atmel/Studio/7.0/Packs/atmel/ATmega_DFP/1.3.300/gcc/dev/atmega644p/avr5\libatmega644p.a(eerd_block.o)
 .debug_line    0x000046a1       0x7a C:/Program Files (x86)/Atmel/Studio/7.0/Packs/atmel/ATmega_DFP/1.3.300/gcc/dev/atmega644p/avr5\libatmega644p.a(eerd_byte.o)
 .debug_line    0x0000471b       0x80 C:/Program Files (x86)/Atmel/Studio/7.0/Packs/atmel/ATmega_DFP/1.3.300/gcc/dev/atmega644p/avr5\libatmega644p.a(eewr_block.o)
 .debug_line    0x0000479b       0x9e C:/Program Files (x86)/Atmel/Studio/7.0/Packs/atmel/ATmega_DFP/1.3.300/gcc/dev/atmega644p/avr5\libatmega644p.a(eewr_byte.o)

.debug_frame    0x00000000      0xfb8
 *(.debug_frame)
 .debug_frame   0x00000000       0xb8 adc.o
 .debug_frame   0x000000b8       0xa4 DS1307.o
 .debug_frame   0x0000015c       0x58 hih6131.o
 .debug_frame   0x000001b4      0x238 i2clcd.o
 .debug_frame   0x000003ec       0x94 i2cmaster.o
 .debug_frame   0x00000480       0x54 lcdmenu.o
 .debug_frame   0x000004d4       0x6c LM76.o
 .debug_frame   0x00000540      0x800 main.o
 .debug_frame   0x00000d40       0x34 mem-check.o
 .debug_frame   0x00000d74       0x98 taster_timer.o
 .debug_frame   0x00000e0c      0x1ac uart.o

.debug_str      0x00000000     0xaeef
 *(.debug_str)
 .debug_str     0x00000000      0x252 C:/Program Files (x86)/Atmel/Studio/7.0/Packs/atmel/ATmega_DFP/1.3.300/gcc/dev/atmega644p/avr5/crtatmega644p.o
 .debug_str     0x00000252     0x683c adc.o
                               0x6908 (size before relaxing)
 .debug_str     0x00006a8e      0xaf9 DS1307.o
                               0x7329 (size before relaxing)
 .debug_str     0x00007587       0xbb hih6131.o
                               0x6d2f (size before relaxing)
 .debug_str     0x00007642      0x78e i2clcd.o
                               0x73ee (size before relaxing)
 .debug_str     0x00007dd0      0x31a i2cmaster.o
                               0x6bb0 (size before relaxing)
 .debug_str     0x000080ea     0x18e9 lcdmenu.o
                               0x8c79 (size before relaxing)
 .debug_str     0x000099d3       0x8b LM76.o
                               0x693f (size before relaxing)
 .debug_str     0x00009a5e     0x10c2 main.o
                               0xa4a9 (size before relaxing)
 .debug_str     0x0000ab20       0x40 mem-check.o
                               0x6832 (size before relaxing)
 .debug_str     0x0000ab60       0x50 taster_timer.o
                               0x6ddc (size before relaxing)
 .debug_str     0x0000abb0      0x33f uart.o
                               0x835b (size before relaxing)

.debug_loc      0x00000000     0x4226
 *(.debug_loc)
 .debug_loc     0x00000000      0x34f adc.o
 .debug_loc     0x0000034f      0x3f3 DS1307.o
 .debug_loc     0x00000742      0x1f5 hih6131.o
 .debug_loc     0x00000937      0xb88 i2clcd.o
 .debug_loc     0x000014bf      0x120 i2cmaster.o
 .debug_loc     0x000015df      0x265 lcdmenu.o
 .debug_loc     0x00001844      0x211 LM76.o
 .debug_loc     0x00001a55     0x2047 main.o
 .debug_loc     0x00003a9c       0x24 mem-check.o
 .debug_loc     0x00003ac0      0x10c taster_timer.o
 .debug_loc     0x00003bcc      0x65a uart.o

.debug_macinfo
 *(.debug_macinfo)

.debug_weaknames
 *(.debug_weaknames)

.debug_funcnames
 *(.debug_funcnames)

.debug_typenames
 *(.debug_typenames)

.debug_varnames
 *(.debug_varnames)

.debug_pubtypes
 *(.debug_pubtypes)

.debug_ranges   0x00000000      0x460
 *(.debug_ranges)
 .debug_ranges  0x00000000       0x28 adc.o
 .debug_ranges  0x00000028       0x28 DS1307.o
 .debug_ranges  0x00000050       0x10 hih6131.o
 .debug_ranges  0x00000060       0xe0 i2clcd.o
 .debug_ranges  0x00000140       0x48 i2cmaster.o
 .debug_ranges  0x00000188       0x20 lcdmenu.o
 .debug_ranges  0x000001a8       0x18 LM76.o
 .debug_ranges  0x000001c0      0x1d8 main.o
 .debug_ranges  0x00000398       0x18 mem-check.o
 .debug_ranges  0x000003b0       0x38 taster_timer.o
 .debug_ranges  0x000003e8       0x78 uart.o

.debug_macro    0x00000000     0x3e38
 *(.debug_macro)
 .debug_macro   0x00000000       0x91 adc.o
 .debug_macro   0x00000091      0xa4e adc.o
 .debug_macro   0x00000adf       0x10 adc.o
 .debug_macro   0x00000aef      0x1c9 adc.o
 .debug_macro   0x00000cb8      0x2fc adc.o
 .debug_macro   0x00000fb4       0x9e adc.o
 .debug_macro   0x00001052     0x1196 adc.o
 .debug_macro   0x000021e8      0x170 adc.o
 .debug_macro   0x00002358       0xbd adc.o
 .debug_macro   0x00002415       0x34 adc.o
 .debug_macro   0x00002449       0x18 adc.o
 .debug_macro   0x00002461       0x6c adc.o
 .debug_macro   0x000024cd       0xe1 DS1307.o
 .debug_macro   0x000025ae       0x10 DS1307.o
 .debug_macro   0x000025be       0x58 DS1307.o
 .debug_macro   0x00002616       0x10 DS1307.o
 .debug_macro   0x00002626       0x97 DS1307.o
 .debug_macro   0x000026bd       0xf2 DS1307.o
 .debug_macro   0x000027af       0x10 DS1307.o
 .debug_macro   0x000027bf      0x166 DS1307.o
 .debug_macro   0x00002925       0x1d DS1307.o
 .debug_macro   0x00002942       0xbb hih6131.o
 .debug_macro   0x000029fd       0x10 hih6131.o
 .debug_macro   0x00002a0d       0x17 hih6131.o
 .debug_macro   0x00002a24       0xc4 i2clcd.o
 .debug_macro   0x00002ae8       0x1c i2clcd.o
 .debug_macro   0x00002b04       0x22 i2clcd.o
 .debug_macro   0x00002b26       0xaa i2clcd.o
 .debug_macro   0x00002bd0      0x193 i2clcd.o
 .debug_macro   0x00002d63       0xb0 i2cmaster.o
 .debug_macro   0x00002e13       0xd7 i2cmaster.o
 .debug_macro   0x00002eea       0xfb lcdmenu.o
 .debug_macro   0x00002fe5       0x69 lcdmenu.o
 .debug_macro   0x0000304e       0x7c lcdmenu.o
 .debug_macro   0x000030ca       0x10 lcdmenu.o
 .debug_macro   0x000030da       0x89 lcdmenu.o
 .debug_macro   0x00003163       0xe8 lcdmenu.o
 .debug_macro   0x0000324b       0x1c lcdmenu.o
 .debug_macro   0x00003267       0x9f LM76.o
 .debug_macro   0x00003306       0x10 LM76.o
 .debug_macro   0x00003316      0x18b main.o
 .debug_macro   0x000034a1       0x10 main.o
 .debug_macro   0x000034b1       0xf6 main.o
 .debug_macro   0x000035a7       0x33 main.o
 .debug_macro   0x000035da       0x68 main.o
 .debug_macro   0x00003642       0x35 main.o
 .debug_macro   0x00003677       0x48 main.o
 .debug_macro   0x000036bf       0x16 main.o
 .debug_macro   0x000036d5       0x82 main.o
 .debug_macro   0x00003757       0x94 main.o
 .debug_macro   0x000037eb       0x97 mem-check.o
 .debug_macro   0x00003882       0x98 taster_timer.o
 .debug_macro   0x0000391a       0x10 taster_timer.o
 .debug_macro   0x0000392a      0x302 taster_timer.o
 .debug_macro   0x00003c2c      0x11e uart.o
 .debug_macro   0x00003d4a       0xee uart.o
OUTPUT(uQuarium.elf elf32-avr)
LOAD linker stubs
