Archive member included to satisfy reference by file (symbol)

c:/program files (x86)/atmel/studio/7.0/toolchain/avr8/avr8-gnu-toolchain/bin/../lib/gcc/avr/5.4.0/avr5\libgcc.a(_mulsi3.o)
                              adc.o (__mulsi3)
c:/program files (x86)/atmel/studio/7.0/toolchain/avr8/avr8-gnu-toolchain/bin/../lib/gcc/avr/5.4.0/avr5\libgcc.a(_udivmodqi4.o)
                              DS1307.o (__udivmodqi4)
c:/program files (x86)/atmel/studio/7.0/toolchain/avr8/avr8-gnu-toolchain/bin/../lib/gcc/avr/5.4.0/avr5\libgcc.a(_udivmodhi4.o)
                              main.o (__udivmodhi4)
c:/program files (x86)/atmel/studio/7.0/toolchain/avr8/avr8-gnu-toolchain/bin/../lib/gcc/avr/5.4.0/avr5\libgcc.a(_udivmodsi4.o)
                              adc.o (__udivmodsi4)
c:/program files (x86)/atmel/studio/7.0/toolchain/avr8/avr8-gnu-toolchain/bin/../lib/gcc/avr/5.4.0/avr5\libgcc.a(_divmodsi4.o)
                              hih6131.o (__divmodsi4)
c:/program files (x86)/atmel/studio/7.0/toolchain/avr8/avr8-gnu-toolchain/bin/../lib/gcc/avr/5.4.0/avr5\libgcc.a(_negsi2.o)
                              c:/program files (x86)/atmel/studio/7.0/toolchain/avr8/avr8-gnu-toolchain/bin/../lib/gcc/avr/5.4.0/avr5\libgcc.a(_divmodsi4.o) (__negsi2)
c:/program files (x86)/atmel/studio/7.0/toolchain/avr8/avr8-gnu-toolchain/bin/../lib/gcc/avr/5.4.0/avr5\libgcc.a(_exit.o)
                              C:/Program Files (x86)/Atmel/Studio/7.0/Packs/atmel/ATmega_DFP/1.3.300/gcc/dev/atmega644p/avr5/crtatmega644p.o (exit)
c:/program files (x86)/atmel/studio/7.0/toolchain/avr8/avr8-gnu-toolchain/bin/../lib/gcc/avr/5.4.0/avr5\libgcc.a(_copy_data.o)
                              i2clcd.o (__do_copy_data)
c:/program files (x86)/atmel/studio/7.0/toolchain/avr8/avr8-gnu-toolchain/bin/../lib/gcc/avr/5.4.0/avr5\libgcc.a(_clear_bss.o)
                              adc.o (__do_clear_bss)
c:/program files (x86)/atmel/studio/7.0/toolchain/avr8/avr8-gnu-toolchain/bin/../lib/gcc/avr/5.4.0/avr5\libgcc.a(_umulhisi3.o)
                              main.o (__umulhisi3)
c:/program files (x86)/atmel/studio/7.0/toolchain/avr8/avr8-gnu-toolchain/bin/../lib/gcc/avr/5.4.0/avr5\libgcc.a(_usmulhisi3.o)
                              main.o (__usmulhisi3)
c:/program files (x86)/atmel/studio/7.0/toolchain/avr8/avr8-gnu-toolchain/bin/../lib/gcc/avr/5.4.0/avr5\libgcc.a(_muluhisi3.o)
                              adc.o (__muluhisi3)
c:/program files (x86)/atmel/studio/7.0/toolchain/avr8/avr8-gnu-toolchain/bin/../lib/gcc/avr/5.4.0/../../../../avr/lib/avr5\libc.a(strcpy_P.o)
                              i2clcd.o (strcpy_P)
c:/program files (x86)/atmel/studio/7.0/toolchain/avr8/avr8-gnu-toolchain/bin/../lib/gcc/avr/5.4.0/../../../../avr/lib/avr5\libc.a(ultoa.o)
                              main.o (ultoa)
c:/program files (x86)/atmel/studio/7.0/toolchain/avr8/avr8-gnu-toolchain/bin/../lib/gcc/avr/5.4.0/../../../../avr/lib/avr5\libc.a(ultoa_ncheck.o)
                              c:/program files (x86)/atmel/studio/7.0/toolchain/avr8/avr8-gnu-toolchain/bin/../lib/gcc/avr/5.4.0/../../../../avr/lib/avr5\libc.a(ultoa.o) (__ultoa_ncheck)
c:/program files (x86)/atmel/studio/7.0/toolchain/avr8/avr8-gnu-toolchain/bin/../lib/gcc/avr/5.4.0/../../../../avr/lib/avr5\libc.a(sprintf.o)
                              main.o (sprintf)
c:/program files (x86)/atmel/studio/7.0/toolchain/avr8/avr8-gnu-toolchain/bin/../lib/gcc/avr/5.4.0/../../../../avr/lib/avr5\libc.a(vfprintf_std.o)
                              c:/program files (x86)/atmel/studio/7.0/toolchain/avr8/avr8-gnu-toolchain/bin/../lib/gcc/avr/5.4.0/../../../../avr/lib/avr5\libc.a(sprintf.o) (vfprintf)
c:/program files (x86)/atmel/studio/7.0/toolchain/avr8/avr8-gnu-toolchain/bin/../lib/gcc/avr/5.4.0/../../../../avr/lib/avr5\libc.a(strnlen_P.o)
                              c:/program files (x86)/atmel/studio/7.0/toolchain/avr8/avr8-gnu-toolchain/bin/../lib/gcc/avr/5.4.0/../../../../avr/lib/avr5\libc.a(vfprintf_std.o) (strnlen_P)
c:/program files (x86)/atmel/studio/7.0/toolchain/avr8/avr8-gnu-toolchain/bin/../lib/gcc/avr/5.4.0/../../../../avr/lib/avr5\libc.a(strnlen.o)
                              c:/program files (x86)/atmel/studio/7.0/toolchain/avr8/avr8-gnu-toolchain/bin/../lib/gcc/avr/5.4.0/../../../../avr/lib/avr5\libc.a(vfprintf_std.o) (strnlen)
c:/program files (x86)/atmel/studio/7.0/toolchain/avr8/avr8-gnu-toolchain/bin/../lib/gcc/avr/5.4.0/../../../../avr/lib/avr5\libc.a(strrev.o)
                              c:/program files (x86)/atmel/studio/7.0/toolchain/avr8/avr8-gnu-toolchain/bin/../lib/gcc/avr/5.4.0/../../../../avr/lib/avr5\libc.a(ultoa_ncheck.o) (strrev)
c:/program files (x86)/atmel/studio/7.0/toolchain/avr8/avr8-gnu-toolchain/bin/../lib/gcc/avr/5.4.0/../../../../avr/lib/avr5\libc.a(fputc.o)
                              c:/program files (x86)/atmel/studio/7.0/toolchain/avr8/avr8-gnu-toolchain/bin/../lib/gcc/avr/5.4.0/../../../../avr/lib/avr5\libc.a(vfprintf_std.o) (fputc)
[...]
Memory Configuration

Name             Origin             Length             Attributes
text             0x00000000         0x00020000         xr
data             0x00800060         0x0000ffa0         rw !x
eeprom           0x00810000         0x00010000         rw !x
fuse             0x00820000         0x00000003         rw !x
lock             0x00830000         0x00000400         rw !x
signature        0x00840000         0x00000400         rw !x
user_signatures  0x00850000         0x00000400         rw !x
*default*        0x00000000         0xffffffff

Linker script and memory map

Address of section .data set to 0x800100
LOAD C:/Program Files (x86)/Atmel/Studio/7.0/Packs/atmel/ATmega_DFP/1.3.300/gcc/dev/atmega644p/avr5/crtatmega644p.o
LOAD adc.o
LOAD DS1307.o
LOAD hih6131.o
LOAD i2clcd.o
LOAD i2cmaster.o
LOAD lcdmenu.o
LOAD LM76.o
LOAD main.o
LOAD mem-check.o
LOAD taster_timer.o
START GROUP
LOAD c:/program files (x86)/atmel/studio/7.0/toolchain/avr8/avr8-gnu-toolchain/bin/../lib/gcc/avr/5.4.0/../../../../avr/lib/avr5\libm.a
END GROUP
                0x00000800                __stack = 0x800
START GROUP
LOAD c:/program files (x86)/atmel/studio/7.0/toolchain/avr8/avr8-gnu-toolchain/bin/../lib/gcc/avr/5.4.0/avr5\libgcc.a
LOAD c:/program files (x86)/atmel/studio/7.0/toolchain/avr8/avr8-gnu-toolchain/bin/../lib/gcc/avr/5.4.0/../../../../avr/lib/avr5\libm.a
LOAD c:/program files (x86)/atmel/studio/7.0/toolchain/avr8/avr8-gnu-toolchain/bin/../lib/gcc/avr/5.4.0/../../../../avr/lib/avr5\libc.a
LOAD C:/Program Files (x86)/Atmel/Studio/7.0/Packs/atmel/ATmega_DFP/1.3.300/gcc/dev/atmega644p/avr5\libatmega644p.a
END GROUP
                0x00000000                __TEXT_REGION_ORIGIN__ = DEFINED (__TEXT_REGION_ORIGIN__)?__TEXT_REGION_ORIGIN__:0x0
                0x00800060                __DATA_REGION_ORIGIN__ = DEFINED (__DATA_REGION_ORIGIN__)?__DATA_REGION_ORIGIN__:0x800060
                0x00020000                __TEXT_REGION_LENGTH__ = DEFINED (__TEXT_REGION_LENGTH__)?__TEXT_REGION_LENGTH__:0x20000
                0x0000ffa0                __DATA_REGION_LENGTH__ = DEFINED (__DATA_REGION_LENGTH__)?__DATA_REGION_LENGTH__:0xffa0
                0x00010000                __EEPROM_REGION_LENGTH__ = DEFINED (__EEPROM_REGION_LENGTH__)?__EEPROM_REGION_LENGTH__:0x10000
                [0x00000003]                __FUSE_REGION_LENGTH__ = DEFINED (__FUSE_REGION_LENGTH__)?__FUSE_REGION_LENGTH__:0x400
                0x00000400                __LOCK_REGION_LENGTH__ = DEFINED (__LOCK_REGION_LENGTH__)?__LOCK_REGION_LENGTH__:0x400
                0x00000400                __SIGNATURE_REGION_LENGTH__ = DEFINED (__SIGNATURE_REGION_LENGTH__)?__SIGNATURE_REGION_LENGTH__:0x400
                0x00000400                __USER_SIGNATURE_REGION_LENGTH__ = DEFINED (__USER_SIGNATURE_REGION_LENGTH__)?__USER_SIGNATURE_REGION_LENGTH__:0x400

.hash
 *(.hash)

.dynsym
 *(.dynsym)

.dynstr
 *(.dynstr)

.gnu.version
 *(.gnu.version)

.gnu.version_d
 *(.gnu.version_d)

.gnu.version_r
 *(.gnu.version_r)

.rel.init
 *(.rel.init)

.rela.init
 *(.rela.init)

.rel.text
 *(.rel.text)
 *(.rel.text.*)
 *(.rel.gnu.linkonce.t*)

.rela.text
 *(.rela.text)
 *(.rela.text.*)
 *(.rela.gnu.linkonce.t*)

.rel.fini
 *(.rel.fini)

.rela.fini
 *(.rela.fini)

.rel.rodata
 *(.rel.rodata)
 *(.rel.rodata.*)
 *(.rel.gnu.linkonce.r*)

.rela.rodata
 *(.rela.rodata)
 *(.rela.rodata.*)
 *(.rela.gnu.linkonce.r*)

.rel.data
 *(.rel.data)
 *(.rel.data.*)
 *(.rel.gnu.linkonce.d*)

.rela.data
 *(.rela.data)
 *(.rela.data.*)
 *(.rela.gnu.linkonce.d*)

.rel.ctors
 *(.rel.ctors)

.rela.ctors
 *(.rela.ctors)

.rel.dtors
 *(.rel.dtors)

.rela.dtors
 *(.rela.dtors)

.rel.got
 *(.rel.got)

.rela.got
 *(.rela.got)

.rel.bss
 *(.rel.bss)

.rela.bss
 *(.rela.bss)

.rel.plt
 *(.rel.plt)

.rela.plt
 *(.rela.plt)

.text           0x00000000     0x37c2
 *(.vectors)
 .vectors       0x00000000       0x7c C:/Program Files (x86)/Atmel/Studio/7.0/Packs/atmel/ATmega_DFP/1.3.300/gcc/dev/atmega644p/avr5/crtatmega644p.o
                0x00000000                __vector_default
                0x00000000                __vectors
 *(.vectors)
 *(.progmem.gcc*)
                0x0000007c                . = ALIGN (0x2)
                0x0000007c                __trampolines_start = .
 *(.trampolines)
 .trampolines   0x0000007c        0x0 linker stubs
 *(.trampolines*)
                0x0000007c                __trampolines_end = .
 *libprintf_flt.a:*(.progmem.data)
 *libc.a:*(.progmem.data)
 *(.progmem*)
 .progmem.data.str40
                0x0000007c        0xe lcdmenu.o
                0x0000007c                str40
 .progmem.data.str34
                0x0000008a       0x13 lcdmenu.o
                0x0000008a                str34
 .progmem.data.str33
                0x0000009d        0xc lcdmenu.o
                0x0000009d                str33
 .progmem.data.str32
                0x000000a9        0xb lcdmenu.o
                0x000000a9                str32
 .progmem.data.str53
                0x000000b4        0xf lcdmenu.o
                0x000000b4                str53
 .progmem.data.str52
                0x000000c3        0xf lcdmenu.o
                0x000000c3                str52
 .progmem.data.str51
                0x000000d2        0xf lcdmenu.o
                0x000000d2                str51
 .progmem.data.str50
                0x000000e1        0xf lcdmenu.o
                0x000000e1                str50
 .progmem.data.str36
                0x000000f0       0x11 lcdmenu.o
                0x000000f0                str36
 .progmem.data.str35
                0x00000101       0x11 lcdmenu.o
                0x00000101                str35
 .progmem.data.str31
                0x00000112       0x11 lcdmenu.o
                0x00000112                str31
 .progmem.data.str30
                0x00000123       0x11 lcdmenu.o
                0x00000123                str30
 .progmem.data.str22
                0x00000134       0x10 lcdmenu.o
                0x00000134                str22
 .progmem.data.str21
                0x00000144       0x11 lcdmenu.o
                0x00000144                str21
 .progmem.data.str20
                0x00000155       0x10 lcdmenu.o
                0x00000155                str20
 .progmem.data.str13
                0x00000165        0xb lcdmenu.o
                0x00000165                str13
 .progmem.data.str12
                0x00000170        0xc lcdmenu.o
                0x00000170                str12
 .progmem.data.str11
                0x0000017c        0xb lcdmenu.o
                0x0000017c                str11
 .progmem.data.str10
                0x00000187       0x10 lcdmenu.o
                0x00000187                str10
 .progmem.data.str5
                0x00000197        0xe lcdmenu.o
                0x00000197                str5
 .progmem.data.str4
                0x000001a5        0xe lcdmenu.o
                0x000001a5                str4
 .progmem.data.str3
                0x000001b3        0xe lcdmenu.o
                0x000001b3                str3
 .progmem.data.str2
                0x000001c1        0xe lcdmenu.o
                0x000001c1                str2
 .progmem.data.str1
                0x000001cf        0xe lcdmenu.o
                0x000001cf                str1
 .progmem.data.str0
                0x000001dd        0xd lcdmenu.o
                0x000001dd                str0
 .progmem.data.__c.2766
                0x000001ea        0x7 main.o
 .progmem.data.__c.2764
                0x000001f1        0x7 main.o
 .progmem.data.__c.2762
                0x000001f8        0x7 main.o
 .progmem.data.__c.2760
                0x000001ff        0x7 main.o
 .progmem.data.__c.2753
                0x00000206        0x8 main.o
 .progmem.data.__c.2751
                0x0000020e       0x11 main.o
 .progmem.data.__c.2749
                0x0000021f        0xe main.o
 .progmem.data.__c.2747
                0x0000022d       0x14 main.o
 .progmem.data.__c.2739
                0x00000241        0xb main.o
 .progmem.data.__c.2737
                0x0000024c       0x15 main.o
 .progmem.data.__c.2732
                0x00000261       0x2b main.o
 .progmem.data.__c.2727
                0x0000028c       0x2a main.o
 .progmem.data.__c.2722
                0x000002b6       0x1e main.o
 .progmem.data.__c.2717
                0x000002d4       0x25 main.o
 .progmem.data.__c.2712
                0x000002f9       0x25 main.o
 .progmem.data.__c.2707
                0x0000031e       0x25 main.o
 .progmem.data.__c.2702
                0x00000343       0x25 main.o
 .progmem.data.__c.2697
                0x00000368       0x27 main.o
 .progmem.data.__c.2692
                0x0000038f       0x27 main.o
 .progmem.data.__c.2687
                0x000003b6       0x27 main.o
 .progmem.data.__c.2682
                0x000003dd       0x27 main.o
 .progmem.data.__c.2677
                0x00000404       0x1d main.o
 .progmem.data.__c.2672
                0x00000421       0x1d main.o
 .progmem.data.__c.2663
                0x0000043e        0xb main.o
 .progmem.data.__c.2665
                0x00000449        0xb main.o
 .progmem.data.__c.2667
                0x00000454        0xb main.o
 .progmem.data.__c.2661
                0x0000045f       0x14 main.o
 .progmem.data.__c.2652
                0x00000473        0xd main.o
 .progmem.data.__c.2654
                0x00000480        0xd main.o
 .progmem.data.__c.2656
                0x0000048d        0xb main.o
 .progmem.data.__c.2650
                0x00000498       0x14 main.o
 .progmem.data.__c.2641
                0x000004ac        0xc main.o
 .progmem.data.__c.2643
                0x000004b8        0xc main.o
 .progmem.data.__c.2645
                0x000004c4        0xb main.o
 .progmem.data.__c.2639
                0x000004cf       0x15 main.o
 .progmem.data.__c.2630
                0x000004e4       0x12 main.o
 .progmem.data.__c.2628
                0x000004f6       0x22 main.o
 .progmem.data.__c.2623
                0x00000518       0x11 main.o
 .progmem.data.__c.2621
                0x00000529       0x24 main.o
 .progmem.data.__c.2613
                0x0000054d       0x11 main.o
 .progmem.data.__c.2611
                0x0000055e       0x24 main.o
 .progmem.data.__c.2603
                0x00000582       0x11 main.o
 .progmem.data.__c.2600
                0x00000593       0x2a main.o
 .progmem.data.__c.2597
                0x000005bd       0x15 main.o
 .progmem.data.__c.2595
                0x000005d2       0x12 main.o
 .progmem.data.__c.2593
                0x000005e4       0x15 main.o
 .progmem.data.alarm_strings
                0x000005f9       0x3f main.o
                0x000005f9                alarm_strings
 .progmem.data.wochentagname
                0x00000638       0x18 main.o
                0x00000638                wochentagname
                0x00000650                . = ALIGN (0x2)
 *(.jumptables)
 *(.jumptables*)
 *(.lowtext)
 *(.lowtext*)
                0x00000650                __ctors_start = .
 *(.ctors)
                0x00000650                __ctors_end = .
                0x00000650                __dtors_start = .
 *(.dtors)
                0x00000650                __dtors_end = .
 SORT(*)(.ctors)
 SORT(*)(.dtors)
 *(.init0)
 .init0         0x00000650        0x0 C:/Program Files (x86)/Atmel/Studio/7.0/Packs/atmel/ATmega_DFP/1.3.300/gcc/dev/atmega644p/avr5/crtatmega644p.o
                0x00000650                __init
 *(.init0)
 *(.init1)
 *(.init1)
 *(.init2)
 .init2         0x00000650        0xc C:/Program Files (x86)/Atmel/Studio/7.0/Packs/atmel/ATmega_DFP/1.3.300/gcc/dev/atmega644p/avr5/crtatmega644p.o
 *(.init2)
 *(.init3)
 .init3         0x0000065c       0x10 mem-check.o
                0x0000065c                init_mem
 *(.init3)
 *(.init4)
 .init4         0x0000066c       0x16 c:/program files (x86)/atmel/studio/7.0/toolchain/avr8/avr8-gnu-toolchain/bin/../lib/gcc/avr/5.4.0/avr5\libgcc.a(_copy_data.o)
                0x0000066c                __do_copy_data
 .init4         0x00000682       0x10 c:/program files (x86)/atmel/studio/7.0/toolchain/avr8/avr8-gnu-toolchain/bin/../lib/gcc/avr/5.4.0/avr5\libgcc.a(_clear_bss.o)
                0x00000682                __do_clear_bss
 *(.init4)
 *(.init5)
 *(.init5)
 *(.init6)
 *(.init6)
 *(.init7)
 *(.init7)
 *(.init8)
 *(.init8)
 *(.init9)
 .init9         0x00000692        0x8 C:/Program Files (x86)/Atmel/Studio/7.0/Packs/atmel/ATmega_DFP/1.3.300/gcc/dev/atmega644p/avr5/crtatmega644p.o
 *(.init9)
 *(.text)
 .text          0x0000069a        0x4 C:/Program Files (x86)/Atmel/Studio/7.0/Packs/atmel/ATmega_DFP/1.3.300/gcc/dev/atmega644p/avr5/crtatmega644p.o
                0x0000069a                __vector_22
                0x0000069a                __vector_28
                0x0000069a                __vector_1
                0x0000069a                __vector_24
                0x0000069a                __vector_12
                0x0000069a                __bad_interrupt
                0x0000069a                __vector_6
                0x0000069a                __vector_3
                0x0000069a                __vector_23
                0x0000069a                __vector_30
                0x0000069a                __vector_25
                0x0000069a                __vector_11
                0x0000069a                __vector_13
                0x0000069a                __vector_17
                0x0000069a                __vector_19
                0x0000069a                __vector_7
                0x0000069a                __vector_27
                0x0000069a                __vector_5
                0x0000069a                __vector_4
                0x0000069a                __vector_9
                0x0000069a                __vector_2
                0x0000069a                __vector_21
                0x0000069a                __vector_15
                0x0000069a                __vector_29
                0x0000069a                __vector_8
                0x0000069a                __vector_26
                0x0000069a                __vector_14
                0x0000069a                __vector_10
                0x0000069a                __vector_16
                0x0000069a                __vector_20
                0x0000069e                . = ALIGN (0x2)
 *(.text.*)
 .text.adc_init
                0x0000069e       0x14 adc.o
                0x0000069e                adc_init
 .text.adc_read_channel
                0x000006b2       0x6c adc.o
                0x000006b2                adc_read_channel
 .text.phwert_kalibrieren
                0x0000071e       0xfc adc.o
                0x0000071e                phwert_kalibrieren
 .text.read_phwert
                0x0000081a       0x6a adc.o
                0x0000081a                read_phwert
 .text.ds_1307_init
                0x00000884       0x4a DS1307.o
                0x00000884                ds_1307_init
 .text.get_ds1307_zeit_datum
                0x000008ce       0xe8 DS1307.o
                0x000008ce                get_ds1307_zeit_datum
 .text.set_ds1307_zeit
                0x000009b6       0x84 DS1307.o
                0x000009b6                set_ds1307_zeit
 .text.set_ds1307_datum
                0x00000a3a       0x84 DS1307.o
                0x00000a3a                set_ds1307_datum
 .text.lcd_write_i2c
                0x00000abe       0x2a i2clcd.o
                0x00000abe                lcd_write_i2c
 .text.lcd_write
                0x00000ae8       0x1a i2clcd.o
                0x00000ae8                lcd_write
 .text.lcd_putchar
                0x00000b02       0x1a i2clcd.o
                0x00000b02                lcd_putchar
 .text.lcd_print_progmem
                0x00000b1c       0x2a i2clcd.o
                0x00000b1c                lcd_print_progmem
 .text.lcd_print
                0x00000b46       0x26 i2clcd.o
                0x00000b46                lcd_print
 .text.lcd_gotolr
                0x00000b6c       0x4e i2clcd.o
                0x00000b6c                lcd_gotolr
 .text.lcd_putcharlr
                0x00000bba       0x1e i2clcd.o
                0x00000bba                lcd_putcharlr
 .text.lcd_printlc
                0x00000bd8       0x44 i2clcd.o
                0x00000bd8                lcd_printlc
 .text.lcd_printlrc
                0x00000c1c       0x4c i2clcd.o
                0x00000c1c                lcd_printlrc
 .text.lcd_printlr
                0x00000c68       0x22 i2clcd.o
                0x00000c68                lcd_printlr
 .text.lcd_wait_us
                0x00000c8a       0x1c i2clcd.o
                0x00000c8a                lcd_wait_us
 .text.lcd_wait_ms
                0x00000ca6       0x1c i2clcd.o
                0x00000ca6                lcd_wait_ms
 .text.lcd_command
                0x00000cc2       0x1e i2clcd.o
                0x00000cc2                lcd_command
 .text.lcd_init
                0x00000ce0       0x4e i2clcd.o
                0x00000ce0                lcd_init
 .text.lcd_backlight
                0x00000d2e        0xa i2clcd.o
                0x00000d2e                lcd_backlight
 .text.i2c_init
                0x00000d38        0xc i2cmaster.o
                0x00000d38                i2c_init
 .text.i2c_start
                0x00000d44       0x44 i2cmaster.o
                0x00000d44                i2c_start
 .text.i2c_start_wait
                0x00000d88       0x4e i2cmaster.o
                0x00000d88                i2c_start_wait
 .text.i2c_rep_start
                0x00000dd6        0x4 i2cmaster.o
                0x00000dd6                i2c_rep_start
 .text.i2c_stop
                0x00000dda       0x10 i2cmaster.o
                0x00000dda                i2c_stop
 .text.i2c_write
                0x00000dea       0x22 i2cmaster.o
                0x00000dea                i2c_write
 .text.i2c_readAck
                0x00000e0c       0x14 i2cmaster.o
                0x00000e0c                i2c_readAck
 .text.i2c_readNak
                0x00000e20       0x14 i2cmaster.o
                0x00000e20                i2c_readNak
 .text.init_menu
                0x00000e34       0x62 lcdmenu.o
                0x00000e34                init_menu
 .text.menu     0x00000e96      0x114 lcdmenu.o
                0x00000e96                menu
 .text.displayMenu
                0x00000faa       0x86 lcdmenu.o
                0x00000faa                displayMenu
 .text.get_lm76_temperatur
                0x00001030       0x5a LM76.o
                0x00001030                get_lm76_temperatur
 .text.get_lm76_temperatur_4x
                0x0000108a       0xa6 LM76.o
                0x0000108a                get_lm76_temperatur_4x
 .text.timer_init
                0x00001130       0x20 main.o
                0x00001130                timer_init
 .text.init_ports
                0x00001150       0x10 main.o
                0x00001150                init_ports
 .text.temperatur_to_string
                0x00001160       0xd2 main.o
                0x00001160                temperatur_to_string
 .text.phwert_to_string
                0x00001232       0x42 main.o
                0x00001232                phwert_to_string
 .text.menue_zeiten_einstellen
                0x00001274      0x22c main.o
                0x00001274                menue_zeiten_einstellen
 .text.menue_datum_einstellen
                0x000014a0      0x286 main.o
                0x000014a0                menue_datum_einstellen
 .text.menue_temperatur_offset
                0x00001726      0x13a main.o
                0x00001726                menue_temperatur_offset
 .text.menue_schalttemperaturen_einstellen
                0x00001860      0x28e main.o
                0x00001860                menue_schalttemperaturen_einstellen
 .text.menu_phwert_kalibrieren
                0x00001aee      0x2b8 main.o
                0x00001aee                menu_phwert_kalibrieren
 .text.funkt_menu_temperatur_offet
                0x00001da6       0x14 main.o
                0x00001da6                funkt_menu_temperatur_offet
 .text.funkt_menu_heizer
                0x00001dba       0x72 main.o
                0x00001dba                funkt_menu_heizer
 .text.funkt_menu_luefter
                0x00001e2c       0x72 main.o
                0x00001e2c                funkt_menu_luefter
 .text.funkt_menu_alarm
                0x00001e9e       0x72 main.o
                0x00001e9e                funkt_menu_alarm
 .text.funkt_menu_datum
                0x00001f10       0x24 main.o
                0x00001f10                funkt_menu_datum
 .text.funkt_menu_uhr
                0x00001f34       0x28 main.o
                0x00001f34                funkt_menu_uhr
 .text.funkt_menu_lampe_ein_am
                0x00001f5c       0x28 main.o
                0x00001f5c                funkt_menu_lampe_ein_am
 .text.funkt_menu_lampe_aus_am
                0x00001f84       0x28 main.o
                0x00001f84                funkt_menu_lampe_aus_am
 .text.funkt_menu_lampe_ein_pm
                0x00001fac       0x28 main.o
                0x00001fac                funkt_menu_lampe_ein_pm
 .text.funkt_menu_lampe_aus_pm
                0x00001fd4       0x28 main.o
                0x00001fd4                funkt_menu_lampe_aus_pm
 .text.funkt_menu_out_on1
                0x00001ffc       0x28 main.o
                0x00001ffc                funkt_menu_out_on1
 .text.funkt_menu_out_off1
                0x00002024       0x28 main.o
                0x00002024                funkt_menu_out_off1
 .text.funkt_menu_out_on2
                0x0000204c       0x28 main.o
                0x0000204c                funkt_menu_out_on2
 .text.funkt_menu_out_off2
                0x00002074       0x28 main.o
                0x00002074                funkt_menu_out_off2
 .text.funkt_menu_futterstop
                0x0000209c       0x28 main.o
                0x0000209c                funkt_menu_futterstop
 .text.funkt_menu_mondlicht_ein
                0x000020c4       0x28 main.o
                0x000020c4                funkt_menu_mondlicht_ein
 .text.funkt_menu_mondlicht_aus
                0x000020ec       0x2e main.o
                0x000020ec                funkt_menu_mondlicht_aus
 .text.funkt_menu_phwert_kalibrieren
                0x0000211a       0x1a main.o
                0x0000211a                funkt_menu_phwert_kalibrieren
 .text.funkt_menu_about
                0x00002134       0x6e main.o
                0x00002134                funkt_menu_about
 .text.funkt_menu_max_werte
                0x000021a2      0x1a2 main.o
                0x000021a2                funkt_menu_max_werte
 .text.vergleiche_temperaturen
                0x00002344       0x2a main.o
                0x00002344                vergleiche_temperaturen
 .text.vergleiche_zeiten
                0x0000236e      0x10c main.o
                0x0000236e                vergleiche_zeiten
 .text.lampen_schalten
                0x0000247a       0x5e main.o
                0x0000247a                lampen_schalten
 .text.temperatuen_schalten
                0x000024d8       0x7a main.o
                0x000024d8                temperatuen_schalten
 .text.futterstop_aktivieren
                0x00002552       0x82 main.o
                0x00002552                futterstop_aktivieren
 .text.read_eeprom_daten
                0x000025d4       0xce main.o
                0x000025d4                read_eeprom_daten
 .text.mondlicht_dimmer
                0x000026a2       0x1a main.o
                0x000026a2                mondlicht_dimmer
 .text.menu_mondlicht_helligkeit_einstellen
                0x000026bc      0x154 main.o
                0x000026bc                menu_mondlicht_helligkeit_einstellen
 .text.funkt_menu_mondlicht_helligkeit
                0x00002810       0x44 main.o
                0x00002810                funkt_menu_mondlicht_helligkeit
 .text.ausgaenge_ansteuern
                0x00002854      0x140 main.o
                0x00002854                ausgaenge_ansteuern
 .text.reset_tageswerte
                0x00002994       0x8a main.o
                0x00002994                reset_tageswerte
 .text.main_anzeige
                0x00002a1e      0x178 main.o
                0x00002a1e                main_anzeige
 .text.startup.main
                0x00002b96      0x2e2 main.o
                0x00002b96                main
 .text.__vector_18
                0x00002e78      0x110 taster_timer.o
                0x00002e78                __vector_18
 .text.get_key_press
                0x00002f88       0x16 taster_timer.o
                0x00002f88                get_key_press
 .text.get_key_rpt
                0x00002f9e       0x16 taster_timer.o
                0x00002f9e                get_key_rpt
 .text.get_key_short
                0x00002fb4        0xe taster_timer.o
                0x00002fb4                get_key_short
 .text.init_taster
                0x00002fc2       0x1c taster_timer.o
                0x00002fc2                init_taster
 .text.libgcc.mul
                0x00002fde       0x20 c:/program files (x86)/atmel/studio/7.0/toolchain/avr8/avr8-gnu-toolchain/bin/../lib/gcc/avr/5.4.0/avr5\libgcc.a(_mulsi3.o)
                0x00002fde                __mulsi3
 .text.libgcc.div
                0x00002ffe       0x18 c:/program files (x86)/atmel/studio/7.0/toolchain/avr8/avr8-gnu-toolchain/bin/../lib/gcc/avr/5.4.0/avr5\libgcc.a(_udivmodqi4.o)
                0x00002ffe                __udivmodqi4
 .text.libgcc.div
                0x00003016       0x28 c:/program files (x86)/atmel/studio/7.0/toolchain/avr8/avr8-gnu-toolchain/bin/../lib/gcc/avr/5.4.0/avr5\libgcc.a(_udivmodhi4.o)
                0x00003016                __udivmodhi4
 .text.libgcc.div
                0x0000303e       0x44 c:/program files (x86)/atmel/studio/7.0/toolchain/avr8/avr8-gnu-toolchain/bin/../lib/gcc/avr/5.4.0/avr5\libgcc.a(_udivmodsi4.o)
                0x0000303e                __udivmodsi4
 .text.libgcc.div
                0x00003082       0x2e c:/program files (x86)/atmel/studio/7.0/toolchain/avr8/avr8-gnu-toolchain/bin/../lib/gcc/avr/5.4.0/avr5\libgcc.a(_divmodsi4.o)
                0x00003082                __divmodsi4
 .text.libgcc.div
                0x000030b0       0x10 c:/program files (x86)/atmel/studio/7.0/toolchain/avr8/avr8-gnu-toolchain/bin/../lib/gcc/avr/5.4.0/avr5\libgcc.a(_negsi2.o)
                0x000030b0                __negsi2
 .text.libgcc.mul
                0x000030c0       0x1e c:/program files (x86)/atmel/studio/7.0/toolchain/avr8/avr8-gnu-toolchain/bin/../lib/gcc/avr/5.4.0/avr5\libgcc.a(_umulhisi3.o)
                0x000030c0                __umulhisi3
 .text.libgcc.mul
                0x000030de        0xe c:/program files (x86)/atmel/studio/7.0/toolchain/avr8/avr8-gnu-toolchain/bin/../lib/gcc/avr/5.4.0/avr5\libgcc.a(_usmulhisi3.o)
                0x000030de                __usmulhisi3
                0x000030e2                __usmulhisi3_tail
 .text.libgcc.mul
                0x000030ec       0x16 c:/program files (x86)/atmel/studio/7.0/toolchain/avr8/avr8-gnu-toolchain/bin/../lib/gcc/avr/5.4.0/avr5\libgcc.a(_muluhisi3.o)
                0x000030ec                __muluhisi3
 .text.avr-libc
                0x00003102        0xe c:/program files (x86)/atmel/studio/7.0/toolchain/avr8/avr8-gnu-toolchain/bin/../lib/gcc/avr/5.4.0/../../../../avr/lib/avr5\libc.a(strcpy_P.o)
                0x00003102                strcpy_P
 .text.avr-libc
                0x00003110       0x16 c:/program files (x86)/atmel/studio/7.0/toolchain/avr8/avr8-gnu-toolchain/bin/../lib/gcc/avr/5.4.0/../../../../avr/lib/avr5\libc.a(ultoa.o)
                0x00003110                ultoa
                0x00003110                __ultoa
 .text.avr-libc
                0x00003126       0x44 c:/program files (x86)/atmel/studio/7.0/toolchain/avr8/avr8-gnu-toolchain/bin/../lib/gcc/avr/5.4.0/../../../../avr/lib/avr5\libc.a(ultoa_ncheck.o)
                0x00003126                __ultoa_ncheck
                0x00003128                __ultoa_common
 .text.avr-libc
                0x0000316a       0x44 c:/program files (x86)/atmel/studio/7.0/toolchain/avr8/avr8-gnu-toolchain/bin/../lib/gcc/avr/5.4.0/../../../../avr/lib/avr5\libc.a(sprintf.o)
                0x0000316a                sprintf
 .text.avr-libc
                0x000031ae      0x3c2 c:/program files (x86)/atmel/studio/7.0/toolchain/avr8/avr8-gnu-toolchain/bin/../lib/gcc/avr/5.4.0/../../../../avr/lib/avr5\libc.a(vfprintf_std.o)
                0x000031ae                vfprintf
 .text.avr-libc
                0x00003570       0x16 c:/program files (x86)/atmel/studio/7.0/toolchain/avr8/avr8-gnu-toolchain/bin/../lib/gcc/avr/5.4.0/../../../../avr/lib/avr5\libc.a(strnlen_P.o)
                0x00003570                strnlen_P
 .text.avr-libc
                0x00003586       0x16 c:/program files (x86)/atmel/studio/7.0/toolchain/avr8/avr8-gnu-toolchain/bin/../lib/gcc/avr/5.4.0/../../../../avr/lib/avr5\libc.a(strnlen.o)
                0x00003586                strnlen
 .text.avr-libc
                0x0000359c       0x20 c:/program files (x86)/atmel/studio/7.0/toolchain/avr8/avr8-gnu-toolchain/bin/../lib/gcc/avr/5.4.0/../../../../avr/lib/avr5\libc.a(strrev.o)
                0x0000359c                strrev
 .text.avr-libc
                0x000035bc       0x78 c:/program files (x86)/atmel/studio/7.0/toolchain/avr8/avr8-gnu-toolchain/bin/../lib/gcc/avr/5.4.0/../../../../avr/lib/avr5\libc.a(fputc.o)
                0x000035bc                fputc
 .text.avr-libc
                0x00003634       0xbc c:/program files (x86)/atmel/studio/7.0/toolchain/avr8/avr8-gnu-toolchain/bin/../lib/gcc/avr/5.4.0/../../../../avr/lib/avr5\libc.a(ultoa_invert.o)
                0x00003634                __ultoa_invert
 .text.avr-libc
                0x000036f0       0x20 C:/Program Files (x86)/Atmel/Studio/7.0/Packs/atmel/ATmega_DFP/1.3.300/gcc/dev/atmega644p/avr5\libatmega644p.a(eerd_block.o)
                0x000036f0                eeprom_read_block
                0x000036f4                eeprom_read_blraw
 .text.avr-libc
                0x00003710       0x10 C:/Program Files (x86)/Atmel/Studio/7.0/Packs/atmel/ATmega_DFP/1.3.300/gcc/dev/atmega644p/avr5\libatmega644p.a(eerd_byte.o)
                0x00003710                eeprom_read_byte
 .text.avr-libc
                0x00003720       0x14 C:/Program Files (x86)/Atmel/Studio/7.0/Packs/atmel/ATmega_DFP/1.3.300/gcc/dev/atmega644p/avr5\libatmega644p.a(eewr_block.o)
                0x00003720                eeprom_write_block
 .text.avr-libc
                0x00003734       0x1c C:/Program Files (x86)/Atmel/Studio/7.0/Packs/atmel/ATmega_DFP/1.3.300/gcc/dev/atmega644p/avr5\libatmega644p.a(eewr_byte.o)
                0x00003734                eeprom_write_byte
                0x00003736                eeprom_write_r18
 .text.libgcc.prologue
                0x00003750       0x38 c:/program files (x86)/atmel/studio/7.0/toolchain/avr8/avr8-gnu-toolchain/bin/../lib/gcc/avr/5.4.0/avr5\libgcc.a(_prologue.o)
                0x00003750                __prologue_saves__
 .text.libgcc.prologue
                0x00003788       0x36 c:/program files (x86)/atmel/studio/7.0/toolchain/avr8/avr8-gnu-toolchain/bin/../lib/gcc/avr/5.4.0/avr5\libgcc.a(_epilogue.o)
                0x00003788                __epilogue_restores__
                0x000037be                . = ALIGN (0x2)
 *(.fini9)
 .fini9         0x000037be        0x0 c:/program files (x86)/atmel/studio/7.0/toolchain/avr8/avr8-gnu-toolchain/bin/../lib/gcc/avr/5.4.0/avr5\libgcc.a(_exit.o)
                0x000037be                _exit
                0x000037be                exit
 *(.fini9)
 *(.fini8)
 *(.fini8)
 *(.fini7)
 *(.fini7)
 *(.fini6)
 *(.fini6)
 *(.fini5)
 *(.fini5)
 *(.fini4)
 *(.fini4)
 *(.fini3)
 *(.fini3)
 *(.fini2)
 *(.fini2)
 *(.fini1)
 *(.fini1)
 *(.fini0)
 .fini0         0x000037be        0x4 c:/program files (x86)/atmel/studio/7.0/toolchain/avr8/avr8-gnu-toolchain/bin/../lib/gcc/avr/5.4.0/avr5\libgcc.a(_exit.o)
 *(.fini0)
                0x000037c2                _etext = .

.data           0x00800100      0x1ca load address 0x000037c2
                0x00800100                PROVIDE (__data_start, .)
 *(.data)
 *(.data*)
 .data.backlight
                0x00800100        0x2 i2clcd.o
                0x00800100                backlight
 .data.MainMenu
                0x00800102       0x42 lcdmenu.o
                0x00800102                MainMenu
 .data.Menu4    0x00800144        0xb lcdmenu.o
                0x00800144                Menu4
 .data.Menu3    0x0080014f       0x79 lcdmenu.o
                0x0080014f                Menu3
 .data.Menu2    0x008001c8       0x21 lcdmenu.o
                0x008001c8                Menu2
 .data.Menu1    0x008001e9       0x2c lcdmenu.o
                0x008001e9                Menu1
 *(.gnu.linkonce.d*)
 *(.rodata)
 *(.rodata*)
 .rodata.str1.1
                0x00800215       0xb4 main.o
                                 0xc0 (size before relaxing)
 *(.gnu.linkonce.r*)
                0x008002ca                . = ALIGN (0x2)
 *fill*         0x008002c9        0x1 
                0x008002ca                _edata = .
                0x008002ca                PROVIDE (__data_end, .)

.bss            0x008002ca      0x12a
                0x008002ca                PROVIDE (__bss_start, .)
 *(.bss)
 *(.bss*)
 .bss.TextBuffer
                0x008002ca       0x14 i2clcd.o
 .bss.ui_MenuDepth
                0x008002de        0x1 lcdmenu.o
                0x008002de                ui_MenuDepth
 .bss.ui_State  0x008002df        0x4 lcdmenu.o
                0x008002df                ui_State
 .bss.letzte_ok_temperatur.1636
                0x008002e3        0x2 LM76.o
 .bss.alter_tag.2837
                0x008002e5        0x1 main.o
 .bss.lichtaus.2498
                0x008002e6        0x1 main.o
 .bss.ph_wert   0x008002e7        0x2 main.o
                0x008002e7                ph_wert
 .bss.temperatur
                0x008002e9        0x2 main.o
                0x008002e9                temperatur
 .bss.alarm_vektor
                0x008002eb        0x1 main.o
                0x008002eb                alarm_vektor
 .bss.mondlicht_helligkeit
                0x008002ec        0x1 main.o
                0x008002ec                mondlicht_helligkeit
 .bss.temperatur_offset
                0x008002ed        0x1 main.o
                0x008002ed                temperatur_offset
 .bss.messcounter2.1629
                0x008002ee        0x1 taster_timer.o
 .bss.messcounter1.1628
                0x008002ef        0x1 taster_timer.o
 .bss.rpt.1627  0x008002f0        0x1 taster_timer.o
 .bss.ct1.1626  0x008002f1        0x1 taster_timer.o
 .bss.ct0.1625  0x008002f2        0x1 taster_timer.o
 *(COMMON)
 COMMON         0x008002f3       0x16 adc.o
                0x008002f3                phwert_referenzen
 COMMON         0x00800309        0xd lcdmenu.o
                0x00800309                timer_counter
                0x0080030d                ui_TopMenu
                0x0080030f                messflag_1s
                0x00800310                key_rpt
                0x00800311                ui_ActualMenu
                0x00800313                key_press
                0x00800314                messflag_05s
                0x00800315                key_state
 COMMON         0x00800316       0xde main.o
                0x00800316                extrem_ph
                0x00800328                luefter
                0x0080032e                anzeigetext
                0x00800357                out_off1
                0x0080035e                heizer
                0x00800364                lampe_off2
                0x0080036b                zeit
                0x00800372                alarm
                0x00800378                out_on1
                0x0080037f                extrem_temperatur
                0x00800391                lampe_off1
                0x00800398                anzeigetext1
                0x008003ad                out_on2
                0x008003b4                lampe_on1
                0x008003bb                futterstopp
                0x008003c2                out_off2
                0x008003c9                anzeigetext2
                0x008003de                ml_on
                0x008003e5                ml_off
                0x008003ec                lampe_on2
                0x008003f3                zustandsbit
                0x008003f4                PROVIDE (__bss_end, .)
                0x000037c2                __data_load_start = LOADADDR (.data)
                0x0000398c                __data_load_end = (__data_load_start + SIZEOF (.data))

.noinit         0x008003f4        0x0
                [!provide]                PROVIDE (__noinit_start, .)
 *(.noinit*)
                [!provide]                PROVIDE (__noinit_end, .)
                0x008003f4                _end = .
                0x008003f4                PROVIDE (__heap_start, .)

.eeprom         0x00810000       0x8b
 *(.eeprom*)
 .eeprom        0x00810000       0x8b main.o
                0x00810000                dummy_zeit_eeprom
                0x00810007                lampe_off_eeprom2
                0x0081000e                lampe_on_eeprom2
                0x00810015                zeit_eeprom
                0x0081001c                futterstopp_eeprom
                0x00810023                ml_off_eeprom
                0x0081002a                ml_on_eeprom
                0x00810031                lampe_off_eeprom1
                0x00810038                lampe_on_eeprom1
                0x0081003f                phwert_referenzen_eeprom
                0x00810055                ph_schalt_werte_eeprom
                0x0081005b                luefter_eeprom
                0x00810061                heizer_eeprom
                0x00810067                alarm_eeprom
                0x0081006d                mondlicht_helligkeit_eeprom
                0x0081006e                temperatur_offset_eeprom
                0x0081006f                out_off_eeprom2
                0x00810076                out_on_eeprom2
                0x0081007d                out_off_eeprom1
                0x00810084                out_on_eeprom1
                0x0081008b                __eeprom_end = .

.fuse
 *(.fuse)
 *(.lfuse)
 *(.hfuse)
 *(.efuse)

.lock
 *(.lock*)

.signature
 *(.signature*)

.user_signatures
 *(.user_signatures*)

.stab
 *(.stab)

.stabstr
 *(.stabstr)

.stab.excl
 *(.stab.excl)

.stab.exclstr
 *(.stab.exclstr)

.stab.index
 *(.stab.index)

.stab.indexstr
 *(.stab.indexstr)

.comment        0x00000000       0x5c
 *(.comment)
 .comment       0x00000000       0x30 adc.o
                                 0x31 (size before relaxing)
 .comment       0x00000030       0x31 DS1307.o
 .comment       0x00000030       0x31 i2clcd.o
 .comment       0x00000030       0x31 i2cmaster.o
 .comment       0x00000030       0x31 lcdmenu.o
 .comment       0x00000030       0x31 LM76.o
 .comment       0x00000030       0x31 main.o
 .comment       0x00000030       0x31 mem-check.o
 .comment       0x00000030       0x31 taster_timer.o
 .comment       0x00000030       0x31 c:/program files (x86)/atmel/studio/7.0/toolchain/avr8/avr8-gnu-toolchain/bin/../lib/gcc/avr/5.4.0/../../../../avr/lib/avr5\libc.a(sprintf.o)
 .comment       0x00000030       0x2c c:/program files (x86)/atmel/studio/7.0/toolchain/avr8/avr8-gnu-toolchain/bin/../lib/gcc/avr/5.4.0/../../../../avr/lib/avr5\libc.a(vfprintf_std.o)
                                 0x2d (size before relaxing)
 .comment       0x0000005c       0x31 c:/program files (x86)/atmel/studio/7.0/toolchain/avr8/avr8-gnu-toolchain/bin/../lib/gcc/avr/5.4.0/../../../../avr/lib/avr5\libc.a(fputc.o)

.note.gnu.avr.deviceinfo
                0x00000000       0x40
 .note.gnu.avr.deviceinfo
                0x00000000       0x40 C:/Program Files (x86)/Atmel/Studio/7.0/Packs/atmel/ATmega_DFP/1.3.300/gcc/dev/atmega644p/avr5/crtatmega644p.o

.note.gnu.build-id
 *(.note.gnu.build-id)

.debug
 *(.debug)

.line
 *(.line)

.debug_srcinfo
 *(.debug_srcinfo)

.debug_sfnames
 *(.debug_sfnames)

.debug_aranges  0x00000000      0x458
 *(.debug_aranges)
 .debug_aranges
                0x00000000       0x38 adc.o
 .debug_aranges
                0x00000038       0x38 DS1307.o
 .debug_aranges
                0x00000070       0xc0 i2clcd.o
 .debug_aranges
                0x00000130       0x58 i2cmaster.o
 .debug_aranges
                0x00000188       0x30 lcdmenu.o
 .debug_aranges
                0x000001b8       0x28 LM76.o
 .debug_aranges
                0x000001e0      0x188 main.o
 .debug_aranges
                0x00000368       0x28 mem-check.o
 .debug_aranges
                0x00000390       0x48 taster_timer.o
 .debug_aranges
                0x000003d8       0x20 C:/Program Files (x86)/Atmel/Studio/7.0/Packs/atmel/ATmega_DFP/1.3.300/gcc/dev/atmega644p/avr5\libatmega644p.a(eerd_block.o)
 .debug_aranges
                0x000003f8       0x20 C:/Program Files (x86)/Atmel/Studio/7.0/Packs/atmel/ATmega_DFP/1.3.300/gcc/dev/atmega644p/avr5\libatmega644p.a(eerd_byte.o)
 .debug_aranges
                0x00000418       0x20 C:/Program Files (x86)/Atmel/Studio/7.0/Packs/atmel/ATmega_DFP/1.3.300/gcc/dev/atmega644p/avr5\libatmega644p.a(eewr_block.o)
 .debug_aranges
                0x00000438       0x20 C:/Program Files (x86)/Atmel/Studio/7.0/Packs/atmel/ATmega_DFP/1.3.300/gcc/dev/atmega644p/avr5\libatmega644p.a(eewr_byte.o)

.debug_pubnames
 *(.debug_pubnames)

.debug_info     0x00000000     0x63ed
 *(.debug_info .gnu.linkonce.wi.*)
 .debug_info    0x00000000      0x6cc C:/Program Files (x86)/Atmel/Studio/7.0/Packs/atmel/ATmega_DFP/1.3.300/gcc/dev/atmega644p/avr5/crtatmega644p.o
 .debug_info    0x000006cc      0x25f adc.o
 .debug_info    0x0000092b      0x41a DS1307.o
 .debug_info    0x00000d45      0xa95 i2clcd.o
 .debug_info    0x000017da      0x1fb i2cmaster.o
 .debug_info    0x000019d5      0x6de lcdmenu.o
 .debug_info    0x000020b3      0x295 LM76.o
 .debug_info    0x00002348     0x3afe main.o
 .debug_info    0x00005e46       0xcd mem-check.o
 .debug_info    0x00005f13      0x270 taster_timer.o
 .debug_info    0x00006183       0x9b C:/Program Files (x86)/Atmel/Studio/7.0/Packs/atmel/ATmega_DFP/1.3.300/gcc/dev/atmega644p/avr5\libatmega644p.a(eerd_block.o)
 .debug_info    0x0000621e       0x9a C:/Program Files (x86)/Atmel/Studio/7.0/Packs/atmel/ATmega_DFP/1.3.300/gcc/dev/atmega644p/avr5\libatmega644p.a(eerd_byte.o)
 .debug_info    0x000062b8       0x9b C:/Program Files (x86)/Atmel/Studio/7.0/Packs/atmel/ATmega_DFP/1.3.300/gcc/dev/atmega644p/avr5\libatmega644p.a(eewr_block.o)
 .debug_info    0x00006353       0x9a C:/Program Files (x86)/Atmel/Studio/7.0/Packs/atmel/ATmega_DFP/1.3.300/gcc/dev/atmega644p/avr5\libatmega644p.a(eewr_byte.o)

.debug_abbrev   0x00000000     0x1602
 *(.debug_abbrev)
 .debug_abbrev  0x00000000      0x66e C:/Program Files (x86)/Atmel/Studio/7.0/Packs/atmel/ATmega_DFP/1.3.300/gcc/dev/atmega644p/avr5/crtatmega644p.o
 .debug_abbrev  0x0000066e      0x147 adc.o
 .debug_abbrev  0x000007b5      0x11b DS1307.o
 .debug_abbrev  0x000008d0      0x2bb i2clcd.o
 .debug_abbrev  0x00000b8b      0x150 i2cmaster.o
 .debug_abbrev  0x00000cdb      0x185 lcdmenu.o
 .debug_abbrev  0x00000e60      0x17c LM76.o
 .debug_abbrev  0x00000fdc      0x43a main.o
 .debug_abbrev  0x00001416       0x99 mem-check.o
 .debug_abbrev  0x000014af      0x103 taster_timer.o
 .debug_abbrev  0x000015b2       0x14 C:/Program Files (x86)/Atmel/Studio/7.0/Packs/atmel/ATmega_DFP/1.3.300/gcc/dev/atmega644p/avr5\libatmega644p.a(eerd_block.o)
 .debug_abbrev  0x000015c6       0x14 C:/Program Files (x86)/Atmel/Studio/7.0/Packs/atmel/ATmega_DFP/1.3.300/gcc/dev/atmega644p/avr5\libatmega644p.a(eerd_byte.o)
 .debug_abbrev  0x000015da       0x14 C:/Program Files (x86)/Atmel/Studio/7.0/Packs/atmel/ATmega_DFP/1.3.300/gcc/dev/atmega644p/avr5\libatmega644p.a(eewr_block.o)
 .debug_abbrev  0x000015ee       0x14 C:/Program Files (x86)/Atmel/Studio/7.0/Packs/atmel/ATmega_DFP/1.3.300/gcc/dev/atmega644p/avr5\libatmega644p.a(eewr_byte.o)

.debug_line     0x00000000     0x3cfd
 *(.debug_line .debug_line.* .debug_line_end)
 .debug_line    0x00000000      0x151 C:/Program Files (x86)/Atmel/Studio/7.0/Packs/atmel/ATmega_DFP/1.3.300/gcc/dev/atmega644p/avr5/crtatmega644p.o
 .debug_line    0x00000151      0x31b adc.o
 .debug_line    0x0000046c      0x473 DS1307.o
 .debug_line    0x000008df      0x76e i2clcd.o
 .debug_line    0x0000104d      0x4ca i2cmaster.o
 .debug_line    0x00001517      0x48b lcdmenu.o
 .debug_line    0x000019a2      0x2fb LM76.o
 .debug_line    0x00001c9d     0x1813 main.o
 .debug_line    0x000034b0      0x26c mem-check.o
 .debug_line    0x0000371c      0x39e taster_timer.o
 .debug_line    0x00003aba       0xab C:/Program Files (x86)/Atmel/Studio/7.0/Packs/atmel/ATmega_DFP/1.3.300/gcc/dev/atmega644p/avr5\libatmega644p.a(eerd_block.o)
 .debug_line    0x00003b65       0x7a C:/Program Files (x86)/Atmel/Studio/7.0/Packs/atmel/ATmega_DFP/1.3.300/gcc/dev/atmega644p/avr5\libatmega644p.a(eerd_byte.o)
 .debug_line    0x00003bdf       0x80 C:/Program Files (x86)/Atmel/Studio/7.0/Packs/atmel/ATmega_DFP/1.3.300/gcc/dev/atmega644p/avr5\libatmega644p.a(eewr_block.o)
 .debug_line    0x00003c5f       0x9e C:/Program Files (x86)/Atmel/Studio/7.0/Packs/atmel/ATmega_DFP/1.3.300/gcc/dev/atmega644p/avr5\libatmega644p.a(eewr_byte.o)

.debug_frame    0x00000000      0xc88
 *(.debug_frame)
 .debug_frame   0x00000000       0xb8 adc.o
 .debug_frame   0x000000b8       0xa4 DS1307.o
 .debug_frame   0x0000015c      0x238 i2clcd.o
 .debug_frame   0x00000394       0x94 i2cmaster.o
 .debug_frame   0x00000428       0x54 lcdmenu.o
 .debug_frame   0x0000047c       0x6c LM76.o
 .debug_frame   0x000004e8      0x6d4 main.o
 .debug_frame   0x00000bbc       0x34 mem-check.o
 .debug_frame   0x00000bf0       0x98 taster_timer.o

.debug_str      0x00000000     0xa964
 *(.debug_str)
 .debug_str     0x00000000      0x252 C:/Program Files (x86)/Atmel/Studio/7.0/Packs/atmel/ATmega_DFP/1.3.300/gcc/dev/atmega644p/avr5/crtatmega644p.o
 .debug_str     0x00000252     0x6841 adc.o
                               0x6906 (size before relaxing)
 .debug_str     0x00006a93      0xaf9 DS1307.o
                               0x7327 (size before relaxing)
 .debug_str     0x0000758c      0x78e i2clcd.o
                               0x73ec (size before relaxing)
 .debug_str     0x00007d1a      0x31a i2cmaster.o
                               0x6bae (size before relaxing)
 .debug_str     0x00008034     0x18ef lcdmenu.o
                               0x8c7d (size before relaxing)
 .debug_str     0x00009923       0xa5 LM76.o
                               0x694f (size before relaxing)
 .debug_str     0x000099c8      0xeff main.o
                               0xa2d4 (size before relaxing)
 .debug_str     0x0000a8c7       0x4d mem-check.o
                               0x6830 (size before relaxing)
 .debug_str     0x0000a914       0x50 taster_timer.o
                               0x6dda (size before relaxing)

.debug_loc      0x00000000     0x331c
 *(.debug_loc)
 .debug_loc     0x00000000      0x34f adc.o
 .debug_loc     0x0000034f      0x3f3 DS1307.o
 .debug_loc     0x00000742      0xb88 i2clcd.o
 .debug_loc     0x000012ca      0x120 i2cmaster.o
 .debug_loc     0x000013ea      0x265 lcdmenu.o
 .debug_loc     0x0000164f      0x211 LM76.o
 .debug_loc     0x00001860     0x198c main.o
 .debug_loc     0x000031ec       0x24 mem-check.o
 .debug_loc     0x00003210      0x10c taster_timer.o

.debug_macinfo
 *(.debug_macinfo)

.debug_weaknames
 *(.debug_weaknames)

.debug_funcnames
 *(.debug_funcnames)

.debug_typenames
 *(.debug_typenames)

.debug_varnames
 *(.debug_varnames)

.debug_pubtypes
 *(.debug_pubtypes)

.debug_ranges   0x00000000      0x3c0
 *(.debug_ranges)
 .debug_ranges  0x00000000       0x28 adc.o
 .debug_ranges  0x00000028       0x28 DS1307.o
 .debug_ranges  0x00000050       0xe0 i2clcd.o
 .debug_ranges  0x00000130       0x48 i2cmaster.o
 .debug_ranges  0x00000178       0x20 lcdmenu.o
 .debug_ranges  0x00000198       0x18 LM76.o
 .debug_ranges  0x000001b0      0x1c0 main.o
 .debug_ranges  0x00000370       0x18 mem-check.o
 .debug_ranges  0x00000388       0x38 taster_timer.o

.debug_macro    0x00000000     0x3af4
 *(.debug_macro)
 .debug_macro   0x00000000       0x91 adc.o
 .debug_macro   0x00000091      0xa4e adc.o
 .debug_macro   0x00000adf       0x10 adc.o
 .debug_macro   0x00000aef      0x1c9 adc.o
 .debug_macro   0x00000cb8      0x2fc adc.o
 .debug_macro   0x00000fb4       0x9e adc.o
 .debug_macro   0x00001052     0x1196 adc.o
 .debug_macro   0x000021e8      0x170 adc.o
 .debug_macro   0x00002358       0xbd adc.o
 .debug_macro   0x00002415       0x34 adc.o
 .debug_macro   0x00002449       0x18 adc.o
 .debug_macro   0x00002461       0x6c adc.o
 .debug_macro   0x000024cd       0xe1 DS1307.o
 .debug_macro   0x000025ae       0x10 DS1307.o
 .debug_macro   0x000025be       0x58 DS1307.o
 .debug_macro   0x00002616       0x10 DS1307.o
 .debug_macro   0x00002626       0x97 DS1307.o
 .debug_macro   0x000026bd       0xf2 DS1307.o
 .debug_macro   0x000027af       0x10 DS1307.o
 .debug_macro   0x000027bf      0x166 DS1307.o
 .debug_macro   0x00002925       0x1d DS1307.o
 .debug_macro   0x00002942       0xc4 i2clcd.o
 .debug_macro   0x00002a06       0x1c i2clcd.o
 .debug_macro   0x00002a22       0x22 i2clcd.o
 .debug_macro   0x00002a44       0xaa i2clcd.o
 .debug_macro   0x00002aee      0x193 i2clcd.o
 .debug_macro   0x00002c81       0xb0 i2cmaster.o
 .debug_macro   0x00002d31       0xd7 i2cmaster.o
 .debug_macro   0x00002e08       0xfb lcdmenu.o
 .debug_macro   0x00002f03       0x69 lcdmenu.o
 .debug_macro   0x00002f6c       0x7c lcdmenu.o
 .debug_macro   0x00002fe8       0x10 lcdmenu.o
 .debug_macro   0x00002ff8       0x89 lcdmenu.o
 .debug_macro   0x00003081       0xe8 lcdmenu.o
 .debug_macro   0x00003169       0x1c lcdmenu.o
 .debug_macro   0x00003185       0xa5 LM76.o
 .debug_macro   0x0000322a       0x10 LM76.o
 .debug_macro   0x0000323a      0x16d main.o
 .debug_macro   0x000033a7       0x10 main.o
 .debug_macro   0x000033b7       0xf6 main.o
 .debug_macro   0x000034ad       0x33 main.o
 .debug_macro   0x000034e0       0x68 main.o
 .debug_macro   0x00003548       0x35 main.o
 .debug_macro   0x0000357d       0x10 main.o
 .debug_macro   0x0000358d       0x16 main.o
 .debug_macro   0x000035a3       0x82 main.o
 .debug_macro   0x00003625       0x8e main.o
 .debug_macro   0x000036b3       0x97 mem-check.o
 .debug_macro   0x0000374a       0x98 taster_timer.o
 .debug_macro   0x000037e2       0x10 taster_timer.o
 .debug_macro   0x000037f2      0x302 taster_timer.o
OUTPUT(uQuarium.elf elf32-avr)
LOAD linker stubs
